DEBUG - 2026-09-04 02:33:38 --> Session: Class initialized using 'CodeIgniter\Session\Handlers\FileHandler' driver.
DEBUG - 2026-09-04 02:33:50 --> Session: Class initialized using 'CodeIgniter\Session\Handlers\FileHandler' driver.
DEBUG - 2026-09-04 02:33:56 --> Session: Class initialized using 'CodeIgniter\Session\Handlers\FileHandler' driver.
DEBUG - 2026-09-04 02:33:57 --> Session: Class initialized using 'CodeIgniter\Session\Handlers\FileHandler' driver.
DEBUG - 2026-09-04 02:34:27 --> Session: Class initialized using 'CodeIgniter\Session\Handlers\FileHandler' driver.
DEBUG - 2026-09-04 02:34:34 --> Session: Class initialized using 'CodeIgniter\Session\Handlers\FileHandler' driver.
DEBUG - 2026-09-04 02:34:56 --> Session: Class initialized using 'CodeIgniter\Session\Handlers\FileHandler' driver.
DEBUG - 2026-09-04 02:35:01 --> Session: Class initialized using 'CodeIgniter\Session\Handlers\FileHandler' driver.
DEBUG - 2026-09-04 02:35:05 --> Session: Class initialized using 'CodeIgniter\Session\Handlers\FileHandler' driver.
DEBUG - 2026-09-04 02:35:14 --> Session: Class initialized using 'CodeIgniter\Session\Handlers\FileHandler' driver.
DEBUG - 2026-09-04 02:35:31 --> Session: Class initialized using 'CodeIgniter\Session\Handlers\FileHandler' driver.
DEBUG - 2026-09-04 02:35:34 --> Session: Class initialized using 'CodeIgniter\Session\Handlers\FileHandler' driver.
DEBUG - 2026-09-04 02:35:46 --> Session: Class initialized using 'CodeIgniter\Session\Handlers\FileHandler' driver.
DEBUG - 2026-09-04 02:35:47 --> Session: Class initialized using 'CodeIgniter\Session\Handlers\FileHandler' driver.
DEBUG - 2026-09-04 02:35:54 --> Session: Class initialized using 'CodeIgniter\Session\Handlers\FileHandler' driver.
DEBUG - 2026-09-04 02:35:58 --> Session: Class initialized using 'CodeIgniter\Session\Handlers\FileHandler' driver.
DEBUG - 2026-09-04 02:36:08 --> Session: Class initialized using 'CodeIgniter\Session\Handlers\FileHandler' driver.
DEBUG - 2026-09-04 02:36:09 --> Session: Class initialized using 'CodeIgniter\Session\Handlers\FileHandler' driver.
DEBUG - 2026-09-04 02:36:13 --> Session: Class initialized using 'CodeIgniter\Session\Handlers\FileHandler' driver.
DEBUG - 2026-09-04 02:36:16 --> Session: Class initialized using 'CodeIgniter\Session\Handlers\FileHandler' driver.
DEBUG - 2026-09-04 02:36:30 --> Session: Class initialized using 'CodeIgniter\Session\Handlers\FileHandler' driver.
DEBUG - 2026-09-04 02:36:37 --> Session: Class initialized using 'CodeIgniter\Session\Handlers\FileHandler' driver.
DEBUG - 2026-09-04 02:36:37 --> Session: Class initialized using 'CodeIgniter\Session\Handlers\FileHandler' driver.
DEBUG - 2026-09-04 02:37:16 --> Session: Class initialized using 'CodeIgniter\Session\Handlers\FileHandler' driver.
DEBUG - 2026-09-04 02:37:21 --> Session: Class initialized using 'CodeIgniter\Session\Handlers\FileHandler' driver.
DEBUG - 2026-09-04 02:38:12 --> Session: Class initialized using 'CodeIgniter\Session\Handlers\FileHandler' driver.
DEBUG - 2026-09-04 02:38:17 --> Session: Class initialized using 'CodeIgniter\Session\Handlers\FileHandler' driver.
DEBUG - 2026-09-04 02:38:18 --> Session: Class initialized using 'CodeIgniter\Session\Handlers\FileHandler' driver.
DEBUG - 2026-09-04 02:38:19 --> Session: Class initialized using 'CodeIgniter\Session\Handlers\FileHandler' driver.
DEBUG - 2026-09-04 02:38:20 --> Session: Class initialized using 'CodeIgniter\Session\Handlers\FileHandler' driver.
DEBUG - 2026-09-04 02:38:24 --> Session: Class initialized using 'CodeIgniter\Session\Handlers\FileHandler' driver.
DEBUG - 2026-09-04 02:38:25 --> Session: Class initialized using 'CodeIgniter\Session\Handlers\FileHandler' driver.
DEBUG - 2026-09-04 02:38:26 --> Session: Class initialized using 'CodeIgniter\Session\Handlers\FileHandler' driver.
DEBUG - 2026-09-04 02:38:27 --> Session: Class initialized using 'CodeIgniter\Session\Handlers\FileHandler' driver.
DEBUG - 2026-09-04 02:38:38 --> Session: Class initialized using 'CodeIgniter\Session\Handlers\FileHandler' driver.
DEBUG - 2026-09-04 02:38:39 --> Session: Class initialized using 'CodeIgniter\Session\Handlers\FileHandler' driver.
DEBUG - 2026-09-04 02:38:47 --> Session: Class initialized using 'CodeIgniter\Session\Handlers\FileHandler' driver.
DEBUG - 2026-09-04 02:38:50 --> Session: Class initialized using 'CodeIgniter\Session\Handlers\FileHandler' driver.
DEBUG - 2026-09-04 02:38:52 --> Session: Class initialized using 'CodeIgniter\Session\Handlers\FileHandler' driver.
DEBUG - 2026-09-04 02:39:07 --> Session: Class initialized using 'CodeIgniter\Session\Handlers\FileHandler' driver.
DEBUG - 2026-09-04 02:39:12 --> Session: Class initialized using 'CodeIgniter\Session\Handlers\FileHandler' driver.
DEBUG - 2026-09-04 02:39:16 --> Session: Class initialized using 'CodeIgniter\Session\Handlers\FileHandler' driver.
DEBUG - 2026-09-04 02:39:17 --> Session: Class initialized using 'CodeIgniter\Session\Handlers\FileHandler' driver.
DEBUG - 2026-09-04 02:39:19 --> Session: Class initialized using 'CodeIgniter\Session\Handlers\FileHandler' driver.
DEBUG - 2026-09-04 02:39:20 --> Session: Class initialized using 'CodeIgniter\Session\Handlers\FileHandler' driver.
DEBUG - 2026-09-04 02:39:24 --> Session: Class initialized using 'CodeIgniter\Session\Handlers\FileHandler' driver.
DEBUG - 2026-09-04 02:39:57 --> Session: Class initialized using 'CodeIgniter\Session\Handlers\FileHandler' driver.
DEBUG - 2026-09-04 02:40:05 --> Session: Class initialized using 'CodeIgniter\Session\Handlers\FileHandler' driver.
DEBUG - 2026-09-04 02:40:10 --> Session: Class initialized using 'CodeIgniter\Session\Handlers\FileHandler' driver.
DEBUG - 2026-09-04 02:40:11 --> Session: Class initialized using 'CodeIgniter\Session\Handlers\FileHandler' driver.
DEBUG - 2026-09-04 02:40:15 --> Session: Class initialized using 'CodeIgniter\Session\Handlers\FileHandler' driver.
DEBUG - 2026-09-04 02:40:16 --> Session: Class initialized using 'CodeIgniter\Session\Handlers\FileHandler' driver.
DEBUG - 2026-09-04 02:40:19 --> Session: Class initialized using 'CodeIgniter\Session\Handlers\FileHandler' driver.
DEBUG - 2026-09-04 02:40:20 --> Session: Class initialized using 'CodeIgniter\Session\Handlers\FileHandler' driver.
DEBUG - 2026-09-04 02:40:26 --> Session: Class initialized using 'CodeIgniter\Session\Handlers\FileHandler' driver.
DEBUG - 2026-09-04 02:40:28 --> Session: Class initialized using 'CodeIgniter\Session\Handlers\FileHandler' driver.
DEBUG - 2026-09-04 02:40:29 --> Session: Class initialized using 'CodeIgniter\Session\Handlers\FileHandler' driver.
DEBUG - 2026-09-04 02:40:37 --> Session: Class initialized using 'CodeIgniter\Session\Handlers\FileHandler' driver.
DEBUG - 2026-09-04 02:40:38 --> Session: Class initialized using 'CodeIgniter\Session\Handlers\FileHandler' driver.
DEBUG - 2026-09-04 02:40:44 --> Session: Class initialized using 'CodeIgniter\Session\Handlers\FileHandler' driver.
DEBUG - 2026-09-04 02:40:49 --> Session: Class initialized using 'CodeIgniter\Session\Handlers\FileHandler' driver.
DEBUG - 2026-09-04 02:40:57 --> Session: Class initialized using 'CodeIgniter\Session\Handlers\FileHandler' driver.
DEBUG - 2026-09-04 02:40:57 --> Session: Class initialized using 'CodeIgniter\Session\Handlers\FileHandler' driver.
DEBUG - 2026-09-04 02:41:02 --> Session: Class initialized using 'CodeIgniter\Session\Handlers\FileHandler' driver.
DEBUG - 2026-09-04 02:41:06 --> Session: Class initialized using 'CodeIgniter\Session\Handlers\FileHandler' driver.
DEBUG - 2026-09-04 02:41:44 --> Session: Class initialized using 'CodeIgniter\Session\Handlers\FileHandler' driver.
DEBUG - 2026-09-04 02:41:48 --> Session: Class initialized using 'CodeIgniter\Session\Handlers\FileHandler' driver.
DEBUG - 2026-09-04 02:42:11 --> Session: Class initialized using 'CodeIgniter\Session\Handlers\FileHandler' driver.
ERROR - 2026-09-04 02:42:11 --> Error connecting to the database: mysqli_sql_exception: Access denied for user 'root'@'localhost' (using password: NO) in C:\Users\Administrator\Documents\GitHub\SISPE\2do Trimestre\Sistema\system\Database\MySQLi\Connection.php:201
Stack trace:
#0 C:\Users\Administrator\Documents\GitHub\SISPE\2do Trimestre\Sistema\system\Database\MySQLi\Connection.php(201): mysqli->real_connect('localhost', 'root', Object(SensitiveParameterValue), 'sistema', 3307, '', 0)
#1 C:\Users\Administrator\Documents\GitHub\SISPE\2do Trimestre\Sistema\system\Database\BaseConnection.php(555): CodeIgniter\Database\MySQLi\Connection->connect(false)
#2 C:\Users\Administrator\Documents\GitHub\SISPE\2do Trimestre\Sistema\system\Database\BaseConnection.php(795): CodeIgniter\Database\BaseConnection->initialize()
#3 C:\Users\Administrator\Documents\GitHub\SISPE\2do Trimestre\Sistema\system\Database\BaseBuilder.php(1649): CodeIgniter\Database\BaseConnection->query('SELECT `Menu`.`...', Array, false)
#4 C:\Users\Administrator\Documents\GitHub\SISPE\2do Trimestre\Sistema\system\Model.php(253): CodeIgniter\Database\BaseBuilder->get()
#5 C:\Users\Administrator\Documents\GitHub\SISPE\2do Trimestre\Sistema\system\BaseModel.php(676): CodeIgniter\Model->doFindAll(0, 0)
#6 C:\Users\Administrator\Documents\GitHub\SISPE\2do Trimestre\Sistema\app\Models\MenuModel.php(30): CodeIgniter\BaseModel->findAll()
#7 C:\Users\Administrator\Documents\GitHub\SISPE\2do Trimestre\Sistema\app\Controllers\MenuController.php(19): App\Models\MenuModel->obtenerProductosConCategoria()
#8 C:\Users\Administrator\Documents\GitHub\SISPE\2do Trimestre\Sistema\system\CodeIgniter.php(951): App\Controllers\MenuController->index()
#9 C:\Users\Administrator\Documents\GitHub\SISPE\2do Trimestre\Sistema\system\CodeIgniter.php(497): CodeIgniter\CodeIgniter->runController(Object(App\Controllers\MenuController))
#10 C:\Users\Administrator\Documents\GitHub\SISPE\2do Trimestre\Sistema\system\CodeIgniter.php(340): CodeIgniter\CodeIgniter->handleRequest(NULL, Object(Config\Cache), false)
#11 C:\Users\Administrator\Documents\GitHub\SISPE\2do Trimestre\Sistema\system\Boot.php(416): CodeIgniter\CodeIgniter->run()
#12 C:\Users\Administrator\Documents\GitHub\SISPE\2do Trimestre\Sistema\system\Boot.php(68): CodeIgniter\Boot::runCodeIgniter(Object(CodeIgniter\CodeIgniter))
#13 C:\Users\Administrator\Documents\GitHub\SISPE\2do Trimestre\Sistema\public\index.php(59): CodeIgniter\Boot::bootWeb(Object(Config\Paths))
#14 C:\Users\Administrator\Documents\GitHub\SISPE\2do Trimestre\Sistema\system\rewrite.php(44): require_once('C:\\Users\\Admini...')
#15 {main}

Next CodeIgniter\Database\Exceptions\DatabaseException: Access denied for user '****'@'localhost' (using password: NO) in C:\Users\Administrator\Documents\GitHub\SISPE\2do Trimestre\Sistema\system\Database\MySQLi\Connection.php:231
Stack trace:
#0 C:\Users\Administrator\Documents\GitHub\SISPE\2do Trimestre\Sistema\system\Database\BaseConnection.php(555): CodeIgniter\Database\MySQLi\Connection->connect(false)
#1 C:\Users\Administrator\Documents\GitHub\SISPE\2do Trimestre\Sistema\system\Database\BaseConnection.php(795): CodeIgniter\Database\BaseConnection->initialize()
#2 C:\Users\Administrator\Documents\GitHub\SISPE\2do Trimestre\Sistema\system\Database\BaseBuilder.php(1649): CodeIgniter\Database\BaseConnection->query('SELECT `Menu`.`...', Array, false)
#3 C:\Users\Administrator\Documents\GitHub\SISPE\2do Trimestre\Sistema\system\Model.php(253): CodeIgniter\Database\BaseBuilder->get()
#4 C:\Users\Administrator\Documents\GitHub\SISPE\2do Trimestre\Sistema\system\BaseModel.php(676): CodeIgniter\Model->doFindAll(0, 0)
#5 C:\Users\Administrator\Documents\GitHub\SISPE\2do Trimestre\Sistema\app\Models\MenuModel.php(30): CodeIgniter\BaseModel->findAll()
#6 C:\Users\Administrator\Documents\GitHub\SISPE\2do Trimestre\Sistema\app\Controllers\MenuController.php(19): App\Models\MenuModel->obtenerProductosConCategoria()
#7 C:\Users\Administrator\Documents\GitHub\SISPE\2do Trimestre\Sistema\system\CodeIgniter.php(951): App\Controllers\MenuController->index()
#8 C:\Users\Administrator\Documents\GitHub\SISPE\2do Trimestre\Sistema\system\CodeIgniter.php(497): CodeIgniter\CodeIgniter->runController(Object(App\Controllers\MenuController))
#9 C:\Users\Administrator\Documents\GitHub\SISPE\2do Trimestre\Sistema\system\CodeIgniter.php(340): CodeIgniter\CodeIgniter->handleRequest(NULL, Object(Config\Cache), false)
#10 C:\Users\Administrator\Documents\GitHub\SISPE\2do Trimestre\Sistema\system\Boot.php(416): CodeIgniter\CodeIgniter->run()
#11 C:\Users\Administrator\Documents\GitHub\SISPE\2do Trimestre\Sistema\system\Boot.php(68): CodeIgniter\Boot::runCodeIgniter(Object(CodeIgniter\CodeIgniter))
#12 C:\Users\Administrator\Documents\GitHub\SISPE\2do Trimestre\Sistema\public\index.php(59): CodeIgniter\Boot::bootWeb(Object(Config\Paths))
#13 C:\Users\Administrator\Documents\GitHub\SISPE\2do Trimestre\Sistema\system\rewrite.php(44): require_once('C:\\Users\\Admini...')
#14 {main}
CRITICAL - 2026-09-04 02:42:11 --> CodeIgniter\Database\Exceptions\DatabaseException: Unable to connect to the database.
Main connection [MySQLi]: Access denied for user '****'@'localhost' (using password: NO)
[Method: GET, Route: gestion-menu]
in SYSTEMPATH\Database\BaseConnection.php on line 606.
 1 SYSTEMPATH\Database\BaseConnection.php(795): CodeIgniter\Database\BaseConnection->initialize()
 2 SYSTEMPATH\Database\BaseBuilder.php(1649): CodeIgniter\Database\BaseConnection->query('SELECT `Menu`.`id_menu`, `Menu`.`Productos`, `Menu`.`Precio`, `Menu`.`descripcion`, `Categoria`.`nom_categoria`
FROM `Menu`
LEFT JOIN `Categoria` ON `Menu`.`pkfk_id_categoria` = `Categoria`.`id_categoria`
ORDER BY `Categoria`.`nom_categoria` ASC', [], false)
 3 SYSTEMPATH\Model.php(253): CodeIgniter\Database\BaseBuilder->get()
 4 SYSTEMPATH\BaseModel.php(676): CodeIgniter\Model->doFindAll(0, 0)
 5 APPPATH\Models\MenuModel.php(30): CodeIgniter\BaseModel->findAll()
 6 APPPATH\Controllers\MenuController.php(19): App\Models\MenuModel->obtenerProductosConCategoria()
 7 SYSTEMPATH\CodeIgniter.php(951): App\Controllers\MenuController->index()
 8 SYSTEMPATH\CodeIgniter.php(497): CodeIgniter\CodeIgniter->runController(Object(App\Controllers\MenuController))
 9 SYSTEMPATH\CodeIgniter.php(340): CodeIgniter\CodeIgniter->handleRequest(null, Object(Config\Cache), false)
10 SYSTEMPATH\Boot.php(416): CodeIgniter\CodeIgniter->run()
11 SYSTEMPATH\Boot.php(68): CodeIgniter\Boot::runCodeIgniter(Object(CodeIgniter\CodeIgniter))
12 FCPATH\index.php(59): CodeIgniter\Boot::bootWeb(Object(Config\Paths))
13 SYSTEMPATH\rewrite.php(44): require_once('C:\\Users\\Administrator\\Documents\\GitHub\\SISPE\\2do Trimestre\\Sistema\\public\\index.php')
DEBUG - 2026-09-04 02:42:34 --> Session: Class initialized using 'CodeIgniter\Session\Handlers\FileHandler' driver.
ERROR - 2026-09-04 02:42:34 --> Error connecting to the database: mysqli_sql_exception: Access denied for user 'root'@'localhost' (using password: NO) in C:\Users\Administrator\Documents\GitHub\SISPE\2do Trimestre\Sistema\system\Database\MySQLi\Connection.php:201
Stack trace:
#0 C:\Users\Administrator\Documents\GitHub\SISPE\2do Trimestre\Sistema\system\Database\MySQLi\Connection.php(201): mysqli->real_connect('localhost', 'root', Object(SensitiveParameterValue), 'sistema', 3307, '', 0)
#1 C:\Users\Administrator\Documents\GitHub\SISPE\2do Trimestre\Sistema\system\Database\BaseConnection.php(555): CodeIgniter\Database\MySQLi\Connection->connect(false)
#2 C:\Users\Administrator\Documents\GitHub\SISPE\2do Trimestre\Sistema\system\Database\BaseConnection.php(795): CodeIgniter\Database\BaseConnection->initialize()
#3 C:\Users\Administrator\Documents\GitHub\SISPE\2do Trimestre\Sistema\system\Database\BaseBuilder.php(1649): CodeIgniter\Database\BaseConnection->query('SELECT `Menu`.`...', Array, false)
#4 C:\Users\Administrator\Documents\GitHub\SISPE\2do Trimestre\Sistema\system\Model.php(253): CodeIgniter\Database\BaseBuilder->get()
#5 C:\Users\Administrator\Documents\GitHub\SISPE\2do Trimestre\Sistema\system\BaseModel.php(676): CodeIgniter\Model->doFindAll(0, 0)
#6 C:\Users\Administrator\Documents\GitHub\SISPE\2do Trimestre\Sistema\app\Models\MenuModel.php(30): CodeIgniter\BaseModel->findAll()
#7 C:\Users\Administrator\Documents\GitHub\SISPE\2do Trimestre\Sistema\app\Controllers\MenuController.php(19): App\Models\MenuModel->obtenerProductosConCategoria()
#8 C:\Users\Administrator\Documents\GitHub\SISPE\2do Trimestre\Sistema\system\CodeIgniter.php(951): App\Controllers\MenuController->index()
#9 C:\Users\Administrator\Documents\GitHub\SISPE\2do Trimestre\Sistema\system\CodeIgniter.php(497): CodeIgniter\CodeIgniter->runController(Object(App\Controllers\MenuController))
#10 C:\Users\Administrator\Documents\GitHub\SISPE\2do Trimestre\Sistema\system\CodeIgniter.php(340): CodeIgniter\CodeIgniter->handleRequest(NULL, Object(Config\Cache), false)
#11 C:\Users\Administrator\Documents\GitHub\SISPE\2do Trimestre\Sistema\system\Boot.php(416): CodeIgniter\CodeIgniter->run()
#12 C:\Users\Administrator\Documents\GitHub\SISPE\2do Trimestre\Sistema\system\Boot.php(68): CodeIgniter\Boot::runCodeIgniter(Object(CodeIgniter\CodeIgniter))
#13 C:\Users\Administrator\Documents\GitHub\SISPE\2do Trimestre\Sistema\public\index.php(59): CodeIgniter\Boot::bootWeb(Object(Config\Paths))
#14 C:\Users\Administrator\Documents\GitHub\SISPE\2do Trimestre\Sistema\system\rewrite.php(44): require_once('C:\\Users\\Admini...')
#15 {main}

Next CodeIgniter\Database\Exceptions\DatabaseException: Access denied for user '****'@'localhost' (using password: NO) in C:\Users\Administrator\Documents\GitHub\SISPE\2do Trimestre\Sistema\system\Database\MySQLi\Connection.php:231
Stack trace:
#0 C:\Users\Administrator\Documents\GitHub\SISPE\2do Trimestre\Sistema\system\Database\BaseConnection.php(555): CodeIgniter\Database\MySQLi\Connection->connect(false)
#1 C:\Users\Administrator\Documents\GitHub\SISPE\2do Trimestre\Sistema\system\Database\BaseConnection.php(795): CodeIgniter\Database\BaseConnection->initialize()
#2 C:\Users\Administrator\Documents\GitHub\SISPE\2do Trimestre\Sistema\system\Database\BaseBuilder.php(1649): CodeIgniter\Database\BaseConnection->query('SELECT `Menu`.`...', Array, false)
#3 C:\Users\Administrator\Documents\GitHub\SISPE\2do Trimestre\Sistema\system\Model.php(253): CodeIgniter\Database\BaseBuilder->get()
#4 C:\Users\Administrator\Documents\GitHub\SISPE\2do Trimestre\Sistema\system\BaseModel.php(676): CodeIgniter\Model->doFindAll(0, 0)
#5 C:\Users\Administrator\Documents\GitHub\SISPE\2do Trimestre\Sistema\app\Models\MenuModel.php(30): CodeIgniter\BaseModel->findAll()
#6 C:\Users\Administrator\Documents\GitHub\SISPE\2do Trimestre\Sistema\app\Controllers\MenuController.php(19): App\Models\MenuModel->obtenerProductosConCategoria()
#7 C:\Users\Administrator\Documents\GitHub\SISPE\2do Trimestre\Sistema\system\CodeIgniter.php(951): App\Controllers\MenuController->index()
#8 C:\Users\Administrator\Documents\GitHub\SISPE\2do Trimestre\Sistema\system\CodeIgniter.php(497): CodeIgniter\CodeIgniter->runController(Object(App\Controllers\MenuController))
#9 C:\Users\Administrator\Documents\GitHub\SISPE\2do Trimestre\Sistema\system\CodeIgniter.php(340): CodeIgniter\CodeIgniter->handleRequest(NULL, Object(Config\Cache), false)
#10 C:\Users\Administrator\Documents\GitHub\SISPE\2do Trimestre\Sistema\system\Boot.php(416): CodeIgniter\CodeIgniter->run()
#11 C:\Users\Administrator\Documents\GitHub\SISPE\2do Trimestre\Sistema\system\Boot.php(68): CodeIgniter\Boot::runCodeIgniter(Object(CodeIgniter\CodeIgniter))
#12 C:\Users\Administrator\Documents\GitHub\SISPE\2do Trimestre\Sistema\public\index.php(59): CodeIgniter\Boot::bootWeb(Object(Config\Paths))
#13 C:\Users\Administrator\Documents\GitHub\SISPE\2do Trimestre\Sistema\system\rewrite.php(44): require_once('C:\\Users\\Admini...')
#14 {main}
CRITICAL - 2026-09-04 02:42:34 --> CodeIgniter\Database\Exceptions\DatabaseException: Unable to connect to the database.
Main connection [MySQLi]: Access denied for user '****'@'localhost' (using password: NO)
[Method: GET, Route: gestion-menu]
in SYSTEMPATH\Database\BaseConnection.php on line 606.
 1 SYSTEMPATH\Database\BaseConnection.php(795): CodeIgniter\Database\BaseConnection->initialize()
 2 SYSTEMPATH\Database\BaseBuilder.php(1649): CodeIgniter\Database\BaseConnection->query('SELECT `Menu`.`id_menu`, `Menu`.`Productos`, `Menu`.`Precio`, `Menu`.`descripcion`, `Categoria`.`nom_categoria`
FROM `Menu`
LEFT JOIN `Categoria` ON `Menu`.`pkfk_id_categoria` = `Categoria`.`id_categoria`
ORDER BY `Categoria`.`nom_categoria` ASC', [], false)
 3 SYSTEMPATH\Model.php(253): CodeIgniter\Database\BaseBuilder->get()
 4 SYSTEMPATH\BaseModel.php(676): CodeIgniter\Model->doFindAll(0, 0)
 5 APPPATH\Models\MenuModel.php(30): CodeIgniter\BaseModel->findAll()
 6 APPPATH\Controllers\MenuController.php(19): App\Models\MenuModel->obtenerProductosConCategoria()
 7 SYSTEMPATH\CodeIgniter.php(951): App\Controllers\MenuController->index()
 8 SYSTEMPATH\CodeIgniter.php(497): CodeIgniter\CodeIgniter->runController(Object(App\Controllers\MenuController))
 9 SYSTEMPATH\CodeIgniter.php(340): CodeIgniter\CodeIgniter->handleRequest(null, Object(Config\Cache), false)
10 SYSTEMPATH\Boot.php(416): CodeIgniter\CodeIgniter->run()
11 SYSTEMPATH\Boot.php(68): CodeIgniter\Boot::runCodeIgniter(Object(CodeIgniter\CodeIgniter))
12 FCPATH\index.php(59): CodeIgniter\Boot::bootWeb(Object(Config\Paths))
13 SYSTEMPATH\rewrite.php(44): require_once('C:\\Users\\Administrator\\Documents\\GitHub\\SISPE\\2do Trimestre\\Sistema\\public\\index.php')
DEBUG - 2026-09-04 02:43:43 --> Session: Class initialized using 'CodeIgniter\Session\Handlers\FileHandler' driver.
ERROR - 2026-09-04 02:43:43 --> Error connecting to the database: mysqli_sql_exception: Access denied for user 'root'@'localhost' (using password: NO) in C:\Users\Administrator\Documents\GitHub\SISPE\2do Trimestre\Sistema\system\Database\MySQLi\Connection.php:201
Stack trace:
#0 C:\Users\Administrator\Documents\GitHub\SISPE\2do Trimestre\Sistema\system\Database\MySQLi\Connection.php(201): mysqli->real_connect('localhost', 'root', Object(SensitiveParameterValue), 'sistema', 3307, '', 0)
#1 C:\Users\Administrator\Documents\GitHub\SISPE\2do Trimestre\Sistema\system\Database\BaseConnection.php(555): CodeIgniter\Database\MySQLi\Connection->connect(false)
#2 C:\Users\Administrator\Documents\GitHub\SISPE\2do Trimestre\Sistema\system\Database\BaseConnection.php(795): CodeIgniter\Database\BaseConnection->initialize()
#3 C:\Users\Administrator\Documents\GitHub\SISPE\2do Trimestre\Sistema\system\Database\BaseBuilder.php(1649): CodeIgniter\Database\BaseConnection->query('SELECT `Menu`.`...', Array, false)
#4 C:\Users\Administrator\Documents\GitHub\SISPE\2do Trimestre\Sistema\system\Model.php(253): CodeIgniter\Database\BaseBuilder->get()
#5 C:\Users\Administrator\Documents\GitHub\SISPE\2do Trimestre\Sistema\system\BaseModel.php(676): CodeIgniter\Model->doFindAll(0, 0)
#6 C:\Users\Administrator\Documents\GitHub\SISPE\2do Trimestre\Sistema\app\Models\MenuModel.php(30): CodeIgniter\BaseModel->findAll()
#7 C:\Users\Administrator\Documents\GitHub\SISPE\2do Trimestre\Sistema\app\Controllers\MenuController.php(19): App\Models\MenuModel->obtenerProductosConCategoria()
#8 C:\Users\Administrator\Documents\GitHub\SISPE\2do Trimestre\Sistema\system\CodeIgniter.php(951): App\Controllers\MenuController->index()
#9 C:\Users\Administrator\Documents\GitHub\SISPE\2do Trimestre\Sistema\system\CodeIgniter.php(497): CodeIgniter\CodeIgniter->runController(Object(App\Controllers\MenuController))
#10 C:\Users\Administrator\Documents\GitHub\SISPE\2do Trimestre\Sistema\system\CodeIgniter.php(340): CodeIgniter\CodeIgniter->handleRequest(NULL, Object(Config\Cache), false)
#11 C:\Users\Administrator\Documents\GitHub\SISPE\2do Trimestre\Sistema\system\Boot.php(416): CodeIgniter\CodeIgniter->run()
#12 C:\Users\Administrator\Documents\GitHub\SISPE\2do Trimestre\Sistema\system\Boot.php(68): CodeIgniter\Boot::runCodeIgniter(Object(CodeIgniter\CodeIgniter))
#13 C:\Users\Administrator\Documents\GitHub\SISPE\2do Trimestre\Sistema\public\index.php(59): CodeIgniter\Boot::bootWeb(Object(Config\Paths))
#14 C:\Users\Administrator\Documents\GitHub\SISPE\2do Trimestre\Sistema\system\rewrite.php(44): require_once('C:\\Users\\Admini...')
#15 {main}

Next CodeIgniter\Database\Exceptions\DatabaseException: Access denied for user '****'@'localhost' (using password: NO) in C:\Users\Administrator\Documents\GitHub\SISPE\2do Trimestre\Sistema\system\Database\MySQLi\Connection.php:231
Stack trace:
#0 C:\Users\Administrator\Documents\GitHub\SISPE\2do Trimestre\Sistema\system\Database\BaseConnection.php(555): CodeIgniter\Database\MySQLi\Connection->connect(false)
#1 C:\Users\Administrator\Documents\GitHub\SISPE\2do Trimestre\Sistema\system\Database\BaseConnection.php(795): CodeIgniter\Database\BaseConnection->initialize()
#2 C:\Users\Administrator\Documents\GitHub\SISPE\2do Trimestre\Sistema\system\Database\BaseBuilder.php(1649): CodeIgniter\Database\BaseConnection->query('SELECT `Menu`.`...', Array, false)
#3 C:\Users\Administrator\Documents\GitHub\SISPE\2do Trimestre\Sistema\system\Model.php(253): CodeIgniter\Database\BaseBuilder->get()
#4 C:\Users\Administrator\Documents\GitHub\SISPE\2do Trimestre\Sistema\system\BaseModel.php(676): CodeIgniter\Model->doFindAll(0, 0)
#5 C:\Users\Administrator\Documents\GitHub\SISPE\2do Trimestre\Sistema\app\Models\MenuModel.php(30): CodeIgniter\BaseModel->findAll()
#6 C:\Users\Administrator\Documents\GitHub\SISPE\2do Trimestre\Sistema\app\Controllers\MenuController.php(19): App\Models\MenuModel->obtenerProductosConCategoria()
#7 C:\Users\Administrator\Documents\GitHub\SISPE\2do Trimestre\Sistema\system\CodeIgniter.php(951): App\Controllers\MenuController->index()
#8 C:\Users\Administrator\Documents\GitHub\SISPE\2do Trimestre\Sistema\system\CodeIgniter.php(497): CodeIgniter\CodeIgniter->runController(Object(App\Controllers\MenuController))
#9 C:\Users\Administrator\Documents\GitHub\SISPE\2do Trimestre\Sistema\system\CodeIgniter.php(340): CodeIgniter\CodeIgniter->handleRequest(NULL, Object(Config\Cache), false)
#10 C:\Users\Administrator\Documents\GitHub\SISPE\2do Trimestre\Sistema\system\Boot.php(416): CodeIgniter\CodeIgniter->run()
#11 C:\Users\Administrator\Documents\GitHub\SISPE\2do Trimestre\Sistema\system\Boot.php(68): CodeIgniter\Boot::runCodeIgniter(Object(CodeIgniter\CodeIgniter))
#12 C:\Users\Administrator\Documents\GitHub\SISPE\2do Trimestre\Sistema\public\index.php(59): CodeIgniter\Boot::bootWeb(Object(Config\Paths))
#13 C:\Users\Administrator\Documents\GitHub\SISPE\2do Trimestre\Sistema\system\rewrite.php(44): require_once('C:\\Users\\Admini...')
#14 {main}
CRITICAL - 2026-09-04 02:43:43 --> CodeIgniter\Database\Exceptions\DatabaseException: Unable to connect to the database.
Main connection [MySQLi]: Access denied for user '****'@'localhost' (using password: NO)
[Method: GET, Route: gestion-menu]
in SYSTEMPATH\Database\BaseConnection.php on line 606.
 1 SYSTEMPATH\Database\BaseConnection.php(795): CodeIgniter\Database\BaseConnection->initialize()
 2 SYSTEMPATH\Database\BaseBuilder.php(1649): CodeIgniter\Database\BaseConnection->query('SELECT `Menu`.`id_menu`, `Menu`.`Productos`, `Menu`.`Precio`, `Menu`.`descripcion`, `Categoria`.`nom_categoria`
FROM `Menu`
LEFT JOIN `Categoria` ON `Menu`.`pkfk_id_categoria` = `Categoria`.`id_categoria`
ORDER BY `Categoria`.`nom_categoria` ASC', [], false)
 3 SYSTEMPATH\Model.php(253): CodeIgniter\Database\BaseBuilder->get()
 4 SYSTEMPATH\BaseModel.php(676): CodeIgniter\Model->doFindAll(0, 0)
 5 APPPATH\Models\MenuModel.php(30): CodeIgniter\BaseModel->findAll()
 6 APPPATH\Controllers\MenuController.php(19): App\Models\MenuModel->obtenerProductosConCategoria()
 7 SYSTEMPATH\CodeIgniter.php(951): App\Controllers\MenuController->index()
 8 SYSTEMPATH\CodeIgniter.php(497): CodeIgniter\CodeIgniter->runController(Object(App\Controllers\MenuController))
 9 SYSTEMPATH\CodeIgniter.php(340): CodeIgniter\CodeIgniter->handleRequest(null, Object(Config\Cache), false)
10 SYSTEMPATH\Boot.php(416): CodeIgniter\CodeIgniter->run()
11 SYSTEMPATH\Boot.php(68): CodeIgniter\Boot::runCodeIgniter(Object(CodeIgniter\CodeIgniter))
12 FCPATH\index.php(59): CodeIgniter\Boot::bootWeb(Object(Config\Paths))
13 SYSTEMPATH\rewrite.php(44): require_once('C:\\Users\\Administrator\\Documents\\GitHub\\SISPE\\2do Trimestre\\Sistema\\public\\index.php')
DEBUG - 2026-09-04 02:43:44 --> Session: Class initialized using 'CodeIgniter\Session\Handlers\FileHandler' driver.
ERROR - 2026-09-04 02:43:44 --> Error connecting to the database: mysqli_sql_exception: Access denied for user 'root'@'localhost' (using password: NO) in C:\Users\Administrator\Documents\GitHub\SISPE\2do Trimestre\Sistema\system\Database\MySQLi\Connection.php:201
Stack trace:
#0 C:\Users\Administrator\Documents\GitHub\SISPE\2do Trimestre\Sistema\system\Database\MySQLi\Connection.php(201): mysqli->real_connect('localhost', 'root', Object(SensitiveParameterValue), 'sistema', 3307, '', 0)
#1 C:\Users\Administrator\Documents\GitHub\SISPE\2do Trimestre\Sistema\system\Database\BaseConnection.php(555): CodeIgniter\Database\MySQLi\Connection->connect(false)
#2 C:\Users\Administrator\Documents\GitHub\SISPE\2do Trimestre\Sistema\system\Database\BaseConnection.php(795): CodeIgniter\Database\BaseConnection->initialize()
#3 C:\Users\Administrator\Documents\GitHub\SISPE\2do Trimestre\Sistema\system\Database\BaseBuilder.php(1649): CodeIgniter\Database\BaseConnection->query('SELECT `Factura...', Array, false)
#4 C:\Users\Administrator\Documents\GitHub\SISPE\2do Trimestre\Sistema\system\Model.php(253): CodeIgniter\Database\BaseBuilder->get()
#5 C:\Users\Administrator\Documents\GitHub\SISPE\2do Trimestre\Sistema\system\BaseModel.php(676): CodeIgniter\Model->doFindAll(0, 0)
#6 C:\Users\Administrator\Documents\GitHub\SISPE\2do Trimestre\Sistema\app\Models\FacturaModel.php(40): CodeIgniter\BaseModel->findAll()
#7 C:\Users\Administrator\Documents\GitHub\SISPE\2do Trimestre\Sistema\app\Controllers\FacturaController.php(19): App\Models\FacturaModel->obtenerFacturas('')
#8 C:\Users\Administrator\Documents\GitHub\SISPE\2do Trimestre\Sistema\system\CodeIgniter.php(951): App\Controllers\FacturaController->index()
#9 C:\Users\Administrator\Documents\GitHub\SISPE\2do Trimestre\Sistema\system\CodeIgniter.php(497): CodeIgniter\CodeIgniter->runController(Object(App\Controllers\FacturaController))
#10 C:\Users\Administrator\Documents\GitHub\SISPE\2do Trimestre\Sistema\system\CodeIgniter.php(340): CodeIgniter\CodeIgniter->handleRequest(NULL, Object(Config\Cache), false)
#11 C:\Users\Administrator\Documents\GitHub\SISPE\2do Trimestre\Sistema\system\Boot.php(416): CodeIgniter\CodeIgniter->run()
#12 C:\Users\Administrator\Documents\GitHub\SISPE\2do Trimestre\Sistema\system\Boot.php(68): CodeIgniter\Boot::runCodeIgniter(Object(CodeIgniter\CodeIgniter))
#13 C:\Users\Administrator\Documents\GitHub\SISPE\2do Trimestre\Sistema\public\index.php(59): CodeIgniter\Boot::bootWeb(Object(Config\Paths))
#14 C:\Users\Administrator\Documents\GitHub\SISPE\2do Trimestre\Sistema\system\rewrite.php(44): require_once('C:\\Users\\Admini...')
#15 {main}

Next CodeIgniter\Database\Exceptions\DatabaseException: Access denied for user '****'@'localhost' (using password: NO) in C:\Users\Administrator\Documents\GitHub\SISPE\2do Trimestre\Sistema\system\Database\MySQLi\Connection.php:231
Stack trace:
#0 C:\Users\Administrator\Documents\GitHub\SISPE\2do Trimestre\Sistema\system\Database\BaseConnection.php(555): CodeIgniter\Database\MySQLi\Connection->connect(false)
#1 C:\Users\Administrator\Documents\GitHub\SISPE\2do Trimestre\Sistema\system\Database\BaseConnection.php(795): CodeIgniter\Database\BaseConnection->initialize()
#2 C:\Users\Administrator\Documents\GitHub\SISPE\2do Trimestre\Sistema\system\Database\BaseBuilder.php(1649): CodeIgniter\Database\BaseConnection->query('SELECT `Factura...', Array, false)
#3 C:\Users\Administrator\Documents\GitHub\SISPE\2do Trimestre\Sistema\system\Model.php(253): CodeIgniter\Database\BaseBuilder->get()
#4 C:\Users\Administrator\Documents\GitHub\SISPE\2do Trimestre\Sistema\system\BaseModel.php(676): CodeIgniter\Model->doFindAll(0, 0)
#5 C:\Users\Administrator\Documents\GitHub\SISPE\2do Trimestre\Sistema\app\Models\FacturaModel.php(40): CodeIgniter\BaseModel->findAll()
#6 C:\Users\Administrator\Documents\GitHub\SISPE\2do Trimestre\Sistema\app\Controllers\FacturaController.php(19): App\Models\FacturaModel->obtenerFacturas('')
#7 C:\Users\Administrator\Documents\GitHub\SISPE\2do Trimestre\Sistema\system\CodeIgniter.php(951): App\Controllers\FacturaController->index()
#8 C:\Users\Administrator\Documents\GitHub\SISPE\2do Trimestre\Sistema\system\CodeIgniter.php(497): CodeIgniter\CodeIgniter->runController(Object(App\Controllers\FacturaController))
#9 C:\Users\Administrator\Documents\GitHub\SISPE\2do Trimestre\Sistema\system\CodeIgniter.php(340): CodeIgniter\CodeIgniter->handleRequest(NULL, Object(Config\Cache), false)
#10 C:\Users\Administrator\Documents\GitHub\SISPE\2do Trimestre\Sistema\system\Boot.php(416): CodeIgniter\CodeIgniter->run()
#11 C:\Users\Administrator\Documents\GitHub\SISPE\2do Trimestre\Sistema\system\Boot.php(68): CodeIgniter\Boot::runCodeIgniter(Object(CodeIgniter\CodeIgniter))
#12 C:\Users\Administrator\Documents\GitHub\SISPE\2do Trimestre\Sistema\public\index.php(59): CodeIgniter\Boot::bootWeb(Object(Config\Paths))
#13 C:\Users\Administrator\Documents\GitHub\SISPE\2do Trimestre\Sistema\system\rewrite.php(44): require_once('C:\\Users\\Admini...')
#14 {main}
CRITICAL - 2026-09-04 02:43:44 --> CodeIgniter\Database\Exceptions\DatabaseException: Unable to connect to the database.
Main connection [MySQLi]: Access denied for user '****'@'localhost' (using password: NO)
[Method: GET, Route: facturas]
in SYSTEMPATH\Database\BaseConnection.php on line 606.
 1 SYSTEMPATH\Database\BaseConnection.php(795): CodeIgniter\Database\BaseConnection->initialize()
 2 SYSTEMPATH\Database\BaseBuilder.php(1649): CodeIgniter\Database\BaseConnection->query('SELECT `Factura`.`id_factura`, `Factura`.`id_pedido`, `Factura`.`Fecha_hora`, `Factura`.`Total`, `Pedido`.`id_mesa`, `Sesion_Mesa`.`nombre_cliente`, `fmp`.`pkfk_metodo_pago` AS `metodos_pago`
FROM `Factura`
JOIN `Pedido` ON `Factura`.`id_pedido` = `Pedido`.`id_pedido`
LEFT JOIN `Sesion_Mesa` ON `Pedido`.`id_sesion_qr` = `Sesion_Mesa`.`id_sesion`
LEFT JOIN `Factura_has_Metodo_pago` `fmp` ON `Factura`.`id_factura` = `fmp`.`pkfk_n_factura`
ORDER BY `Factura`.`Fecha_hora` DESC', [], false)
 3 SYSTEMPATH\Model.php(253): CodeIgniter\Database\BaseBuilder->get()
 4 SYSTEMPATH\BaseModel.php(676): CodeIgniter\Model->doFindAll(0, 0)
 5 APPPATH\Models\FacturaModel.php(40): CodeIgniter\BaseModel->findAll()
 6 APPPATH\Controllers\FacturaController.php(19): App\Models\FacturaModel->obtenerFacturas('')
 7 SYSTEMPATH\CodeIgniter.php(951): App\Controllers\FacturaController->index()
 8 SYSTEMPATH\CodeIgniter.php(497): CodeIgniter\CodeIgniter->runController(Object(App\Controllers\FacturaController))
 9 SYSTEMPATH\CodeIgniter.php(340): CodeIgniter\CodeIgniter->handleRequest(null, Object(Config\Cache), false)
10 SYSTEMPATH\Boot.php(416): CodeIgniter\CodeIgniter->run()
11 SYSTEMPATH\Boot.php(68): CodeIgniter\Boot::runCodeIgniter(Object(CodeIgniter\CodeIgniter))
12 FCPATH\index.php(59): CodeIgniter\Boot::bootWeb(Object(Config\Paths))
13 SYSTEMPATH\rewrite.php(44): require_once('C:\\Users\\Administrator\\Documents\\GitHub\\SISPE\\2do Trimestre\\Sistema\\public\\index.php')
DEBUG - 2026-09-04 02:43:45 --> Session: Class initialized using 'CodeIgniter\Session\Handlers\FileHandler' driver.
ERROR - 2026-09-04 02:43:45 --> Error connecting to the database: mysqli_sql_exception: Access denied for user 'root'@'localhost' (using password: NO) in C:\Users\Administrator\Documents\GitHub\SISPE\2do Trimestre\Sistema\system\Database\MySQLi\Connection.php:201
Stack trace:
#0 C:\Users\Administrator\Documents\GitHub\SISPE\2do Trimestre\Sistema\system\Database\MySQLi\Connection.php(201): mysqli->real_connect('localhost', 'root', Object(SensitiveParameterValue), 'sistema', 3307, '', 0)
#1 C:\Users\Administrator\Documents\GitHub\SISPE\2do Trimestre\Sistema\system\Database\BaseConnection.php(555): CodeIgniter\Database\MySQLi\Connection->connect(false)
#2 C:\Users\Administrator\Documents\GitHub\SISPE\2do Trimestre\Sistema\system\Database\BaseConnection.php(795): CodeIgniter\Database\BaseConnection->initialize()
#3 C:\Users\Administrator\Documents\GitHub\SISPE\2do Trimestre\Sistema\system\Database\BaseBuilder.php(1649): CodeIgniter\Database\BaseConnection->query('SELECT `f`.`id_...', Array, false)
#4 C:\Users\Administrator\Documents\GitHub\SISPE\2do Trimestre\Sistema\app\Controllers\FacturaController.php(38): CodeIgniter\Database\BaseBuilder->get()
#5 C:\Users\Administrator\Documents\GitHub\SISPE\2do Trimestre\Sistema\system\CodeIgniter.php(951): App\Controllers\FacturaController->ver('4')
#6 C:\Users\Administrator\Documents\GitHub\SISPE\2do Trimestre\Sistema\system\CodeIgniter.php(497): CodeIgniter\CodeIgniter->runController(Object(App\Controllers\FacturaController))
#7 C:\Users\Administrator\Documents\GitHub\SISPE\2do Trimestre\Sistema\system\CodeIgniter.php(340): CodeIgniter\CodeIgniter->handleRequest(NULL, Object(Config\Cache), false)
#8 C:\Users\Administrator\Documents\GitHub\SISPE\2do Trimestre\Sistema\system\Boot.php(416): CodeIgniter\CodeIgniter->run()
#9 C:\Users\Administrator\Documents\GitHub\SISPE\2do Trimestre\Sistema\system\Boot.php(68): CodeIgniter\Boot::runCodeIgniter(Object(CodeIgniter\CodeIgniter))
#10 C:\Users\Administrator\Documents\GitHub\SISPE\2do Trimestre\Sistema\public\index.php(59): CodeIgniter\Boot::bootWeb(Object(Config\Paths))
#11 C:\Users\Administrator\Documents\GitHub\SISPE\2do Trimestre\Sistema\system\rewrite.php(44): require_once('C:\\Users\\Admini...')
#12 {main}

Next CodeIgniter\Database\Exceptions\DatabaseException: Access denied for user '****'@'localhost' (using password: NO) in C:\Users\Administrator\Documents\GitHub\SISPE\2do Trimestre\Sistema\system\Database\MySQLi\Connection.php:231
Stack trace:
#0 C:\Users\Administrator\Documents\GitHub\SISPE\2do Trimestre\Sistema\system\Database\BaseConnection.php(555): CodeIgniter\Database\MySQLi\Connection->connect(false)
#1 C:\Users\Administrator\Documents\GitHub\SISPE\2do Trimestre\Sistema\system\Database\BaseConnection.php(795): CodeIgniter\Database\BaseConnection->initialize()
#2 C:\Users\Administrator\Documents\GitHub\SISPE\2do Trimestre\Sistema\system\Database\BaseBuilder.php(1649): CodeIgniter\Database\BaseConnection->query('SELECT `f`.`id_...', Array, false)
#3 C:\Users\Administrator\Documents\GitHub\SISPE\2do Trimestre\Sistema\app\Controllers\FacturaController.php(38): CodeIgniter\Database\BaseBuilder->get()
#4 C:\Users\Administrator\Documents\GitHub\SISPE\2do Trimestre\Sistema\system\CodeIgniter.php(951): App\Controllers\FacturaController->ver('4')
#5 C:\Users\Administrator\Documents\GitHub\SISPE\2do Trimestre\Sistema\system\CodeIgniter.php(497): CodeIgniter\CodeIgniter->runController(Object(App\Controllers\FacturaController))
#6 C:\Users\Administrator\Documents\GitHub\SISPE\2do Trimestre\Sistema\system\CodeIgniter.php(340): CodeIgniter\CodeIgniter->handleRequest(NULL, Object(Config\Cache), false)
#7 C:\Users\Administrator\Documents\GitHub\SISPE\2do Trimestre\Sistema\system\Boot.php(416): CodeIgniter\CodeIgniter->run()
#8 C:\Users\Administrator\Documents\GitHub\SISPE\2do Trimestre\Sistema\system\Boot.php(68): CodeIgniter\Boot::runCodeIgniter(Object(CodeIgniter\CodeIgniter))
#9 C:\Users\Administrator\Documents\GitHub\SISPE\2do Trimestre\Sistema\public\index.php(59): CodeIgniter\Boot::bootWeb(Object(Config\Paths))
#10 C:\Users\Administrator\Documents\GitHub\SISPE\2do Trimestre\Sistema\system\rewrite.php(44): require_once('C:\\Users\\Admini...')
#11 {main}
CRITICAL - 2026-09-04 02:43:45 --> CodeIgniter\Database\Exceptions\DatabaseException: Unable to connect to the database.
Main connection [MySQLi]: Access denied for user '****'@'localhost' (using password: NO)
[Method: GET, Route: factura/ver/4]
in SYSTEMPATH\Database\BaseConnection.php on line 606.
 1 SYSTEMPATH\Database\BaseConnection.php(795): CodeIgniter\Database\BaseConnection->initialize()
 2 SYSTEMPATH\Database\BaseBuilder.php(1649): CodeIgniter\Database\BaseConnection->query('SELECT `f`.`id_factura`, `f`.`id_pedido`, `f`.`Fecha_hora`, `f`.`Total`, `p`.`id_mesa`, `sm`.`nombre_cliente`, `sm`.`cedula_cliente`, `fmp`.`pkfk_metodo_pago` AS `metodos_pago`
FROM `Factura` `f`
JOIN `Pedido` `p` ON `f`.`id_pedido` = `p`.`id_pedido`
LEFT JOIN `Sesion_Mesa` `sm` ON `p`.`id_sesion_qr` = `sm`.`id_sesion`
LEFT JOIN `Factura_has_Metodo_pago` `fmp` ON `f`.`id_factura` = `fmp`.`pkfk_n_factura`
WHERE `f`.`id_factura` = :f.id_factura:', [...], false)
 3 APPPATH\Controllers\FacturaController.php(38): CodeIgniter\Database\BaseBuilder->get()
 4 SYSTEMPATH\CodeIgniter.php(951): App\Controllers\FacturaController->ver('4')
 5 SYSTEMPATH\CodeIgniter.php(497): CodeIgniter\CodeIgniter->runController(Object(App\Controllers\FacturaController))
 6 SYSTEMPATH\CodeIgniter.php(340): CodeIgniter\CodeIgniter->handleRequest(null, Object(Config\Cache), false)
 7 SYSTEMPATH\Boot.php(416): CodeIgniter\CodeIgniter->run()
 8 SYSTEMPATH\Boot.php(68): CodeIgniter\Boot::runCodeIgniter(Object(CodeIgniter\CodeIgniter))
 9 FCPATH\index.php(59): CodeIgniter\Boot::bootWeb(Object(Config\Paths))
10 SYSTEMPATH\rewrite.php(44): require_once('C:\\Users\\Administrator\\Documents\\GitHub\\SISPE\\2do Trimestre\\Sistema\\public\\index.php')
DEBUG - 2026-09-04 02:43:46 --> Session: Class initialized using 'CodeIgniter\Session\Handlers\FileHandler' driver.
ERROR - 2026-09-04 02:43:46 --> Error connecting to the database: mysqli_sql_exception: Access denied for user 'root'@'localhost' (using password: NO) in C:\Users\Administrator\Documents\GitHub\SISPE\2do Trimestre\Sistema\system\Database\MySQLi\Connection.php:201
Stack trace:
#0 C:\Users\Administrator\Documents\GitHub\SISPE\2do Trimestre\Sistema\system\Database\MySQLi\Connection.php(201): mysqli->real_connect('localhost', 'root', Object(SensitiveParameterValue), 'sistema', 3307, '', 0)
#1 C:\Users\Administrator\Documents\GitHub\SISPE\2do Trimestre\Sistema\system\Database\BaseConnection.php(555): CodeIgniter\Database\MySQLi\Connection->connect(false)
#2 C:\Users\Administrator\Documents\GitHub\SISPE\2do Trimestre\Sistema\system\Database\BaseConnection.php(795): CodeIgniter\Database\BaseConnection->initialize()
#3 C:\Users\Administrator\Documents\GitHub\SISPE\2do Trimestre\Sistema\system\Database\BaseBuilder.php(1649): CodeIgniter\Database\BaseConnection->query('SELECT `Factura...', Array, false)
#4 C:\Users\Administrator\Documents\GitHub\SISPE\2do Trimestre\Sistema\system\Model.php(253): CodeIgniter\Database\BaseBuilder->get()
#5 C:\Users\Administrator\Documents\GitHub\SISPE\2do Trimestre\Sistema\system\BaseModel.php(676): CodeIgniter\Model->doFindAll(0, 0)
#6 C:\Users\Administrator\Documents\GitHub\SISPE\2do Trimestre\Sistema\app\Models\FacturaModel.php(40): CodeIgniter\BaseModel->findAll()
#7 C:\Users\Administrator\Documents\GitHub\SISPE\2do Trimestre\Sistema\app\Controllers\FacturaController.php(19): App\Models\FacturaModel->obtenerFacturas('')
#8 C:\Users\Administrator\Documents\GitHub\SISPE\2do Trimestre\Sistema\system\CodeIgniter.php(951): App\Controllers\FacturaController->index()
#9 C:\Users\Administrator\Documents\GitHub\SISPE\2do Trimestre\Sistema\system\CodeIgniter.php(497): CodeIgniter\CodeIgniter->runController(Object(App\Controllers\FacturaController))
#10 C:\Users\Administrator\Documents\GitHub\SISPE\2do Trimestre\Sistema\system\CodeIgniter.php(340): CodeIgniter\CodeIgniter->handleRequest(NULL, Object(Config\Cache), false)
#11 C:\Users\Administrator\Documents\GitHub\SISPE\2do Trimestre\Sistema\system\Boot.php(416): CodeIgniter\CodeIgniter->run()
#12 C:\Users\Administrator\Documents\GitHub\SISPE\2do Trimestre\Sistema\system\Boot.php(68): CodeIgniter\Boot::runCodeIgniter(Object(CodeIgniter\CodeIgniter))
#13 C:\Users\Administrator\Documents\GitHub\SISPE\2do Trimestre\Sistema\public\index.php(59): CodeIgniter\Boot::bootWeb(Object(Config\Paths))
#14 C:\Users\Administrator\Documents\GitHub\SISPE\2do Trimestre\Sistema\system\rewrite.php(44): require_once('C:\\Users\\Admini...')
#15 {main}

Next CodeIgniter\Database\Exceptions\DatabaseException: Access denied for user '****'@'localhost' (using password: NO) in C:\Users\Administrator\Documents\GitHub\SISPE\2do Trimestre\Sistema\system\Database\MySQLi\Connection.php:231
Stack trace:
#0 C:\Users\Administrator\Documents\GitHub\SISPE\2do Trimestre\Sistema\system\Database\BaseConnection.php(555): CodeIgniter\Database\MySQLi\Connection->connect(false)
#1 C:\Users\Administrator\Documents\GitHub\SISPE\2do Trimestre\Sistema\system\Database\BaseConnection.php(795): CodeIgniter\Database\BaseConnection->initialize()
#2 C:\Users\Administrator\Documents\GitHub\SISPE\2do Trimestre\Sistema\system\Database\BaseBuilder.php(1649): CodeIgniter\Database\BaseConnection->query('SELECT `Factura...', Array, false)
#3 C:\Users\Administrator\Documents\GitHub\SISPE\2do Trimestre\Sistema\system\Model.php(253): CodeIgniter\Database\BaseBuilder->get()
#4 C:\Users\Administrator\Documents\GitHub\SISPE\2do Trimestre\Sistema\system\BaseModel.php(676): CodeIgniter\Model->doFindAll(0, 0)
#5 C:\Users\Administrator\Documents\GitHub\SISPE\2do Trimestre\Sistema\app\Models\FacturaModel.php(40): CodeIgniter\BaseModel->findAll()
#6 C:\Users\Administrator\Documents\GitHub\SISPE\2do Trimestre\Sistema\app\Controllers\FacturaController.php(19): App\Models\FacturaModel->obtenerFacturas('')
#7 C:\Users\Administrator\Documents\GitHub\SISPE\2do Trimestre\Sistema\system\CodeIgniter.php(951): App\Controllers\FacturaController->index()
#8 C:\Users\Administrator\Documents\GitHub\SISPE\2do Trimestre\Sistema\system\CodeIgniter.php(497): CodeIgniter\CodeIgniter->runController(Object(App\Controllers\FacturaController))
#9 C:\Users\Administrator\Documents\GitHub\SISPE\2do Trimestre\Sistema\system\CodeIgniter.php(340): CodeIgniter\CodeIgniter->handleRequest(NULL, Object(Config\Cache), false)
#10 C:\Users\Administrator\Documents\GitHub\SISPE\2do Trimestre\Sistema\system\Boot.php(416): CodeIgniter\CodeIgniter->run()
#11 C:\Users\Administrator\Documents\GitHub\SISPE\2do Trimestre\Sistema\system\Boot.php(68): CodeIgniter\Boot::runCodeIgniter(Object(CodeIgniter\CodeIgniter))
#12 C:\Users\Administrator\Documents\GitHub\SISPE\2do Trimestre\Sistema\public\index.php(59): CodeIgniter\Boot::bootWeb(Object(Config\Paths))
#13 C:\Users\Administrator\Documents\GitHub\SISPE\2do Trimestre\Sistema\system\rewrite.php(44): require_once('C:\\Users\\Admini...')
#14 {main}
CRITICAL - 2026-09-04 02:43:46 --> CodeIgniter\Database\Exceptions\DatabaseException: Unable to connect to the database.
Main connection [MySQLi]: Access denied for user '****'@'localhost' (using password: NO)
[Method: GET, Route: facturas]
in SYSTEMPATH\Database\BaseConnection.php on line 606.
 1 SYSTEMPATH\Database\BaseConnection.php(795): CodeIgniter\Database\BaseConnection->initialize()
 2 SYSTEMPATH\Database\BaseBuilder.php(1649): CodeIgniter\Database\BaseConnection->query('SELECT `Factura`.`id_factura`, `Factura`.`id_pedido`, `Factura`.`Fecha_hora`, `Factura`.`Total`, `Pedido`.`id_mesa`, `Sesion_Mesa`.`nombre_cliente`, `fmp`.`pkfk_metodo_pago` AS `metodos_pago`
FROM `Factura`
JOIN `Pedido` ON `Factura`.`id_pedido` = `Pedido`.`id_pedido`
LEFT JOIN `Sesion_Mesa` ON `Pedido`.`id_sesion_qr` = `Sesion_Mesa`.`id_sesion`
LEFT JOIN `Factura_has_Metodo_pago` `fmp` ON `Factura`.`id_factura` = `fmp`.`pkfk_n_factura`
ORDER BY `Factura`.`Fecha_hora` DESC', [], false)
 3 SYSTEMPATH\Model.php(253): CodeIgniter\Database\BaseBuilder->get()
 4 SYSTEMPATH\BaseModel.php(676): CodeIgniter\Model->doFindAll(0, 0)
 5 APPPATH\Models\FacturaModel.php(40): CodeIgniter\BaseModel->findAll()
 6 APPPATH\Controllers\FacturaController.php(19): App\Models\FacturaModel->obtenerFacturas('')
 7 SYSTEMPATH\CodeIgniter.php(951): App\Controllers\FacturaController->index()
 8 SYSTEMPATH\CodeIgniter.php(497): CodeIgniter\CodeIgniter->runController(Object(App\Controllers\FacturaController))
 9 SYSTEMPATH\CodeIgniter.php(340): CodeIgniter\CodeIgniter->handleRequest(null, Object(Config\Cache), false)
10 SYSTEMPATH\Boot.php(416): CodeIgniter\CodeIgniter->run()
11 SYSTEMPATH\Boot.php(68): CodeIgniter\Boot::runCodeIgniter(Object(CodeIgniter\CodeIgniter))
12 FCPATH\index.php(59): CodeIgniter\Boot::bootWeb(Object(Config\Paths))
13 SYSTEMPATH\rewrite.php(44): require_once('C:\\Users\\Administrator\\Documents\\GitHub\\SISPE\\2do Trimestre\\Sistema\\public\\index.php')
DEBUG - 2026-09-04 02:43:47 --> Session: Class initialized using 'CodeIgniter\Session\Handlers\FileHandler' driver.
ERROR - 2026-09-04 02:43:47 --> Error connecting to the database: mysqli_sql_exception: Access denied for user 'root'@'localhost' (using password: NO) in C:\Users\Administrator\Documents\GitHub\SISPE\2do Trimestre\Sistema\system\Database\MySQLi\Connection.php:201
Stack trace:
#0 C:\Users\Administrator\Documents\GitHub\SISPE\2do Trimestre\Sistema\system\Database\MySQLi\Connection.php(201): mysqli->real_connect('localhost', 'root', Object(SensitiveParameterValue), 'sistema', 3307, '', 0)
#1 C:\Users\Administrator\Documents\GitHub\SISPE\2do Trimestre\Sistema\system\Database\BaseConnection.php(555): CodeIgniter\Database\MySQLi\Connection->connect(false)
#2 C:\Users\Administrator\Documents\GitHub\SISPE\2do Trimestre\Sistema\system\Database\BaseConnection.php(795): CodeIgniter\Database\BaseConnection->initialize()
#3 C:\Users\Administrator\Documents\GitHub\SISPE\2do Trimestre\Sistema\system\Database\BaseBuilder.php(1649): CodeIgniter\Database\BaseConnection->query('SELECT `f`.`id_...', Array, false)
#4 C:\Users\Administrator\Documents\GitHub\SISPE\2do Trimestre\Sistema\app\Controllers\FacturaController.php(38): CodeIgniter\Database\BaseBuilder->get()
#5 C:\Users\Administrator\Documents\GitHub\SISPE\2do Trimestre\Sistema\system\CodeIgniter.php(951): App\Controllers\FacturaController->ver('6')
#6 C:\Users\Administrator\Documents\GitHub\SISPE\2do Trimestre\Sistema\system\CodeIgniter.php(497): CodeIgniter\CodeIgniter->runController(Object(App\Controllers\FacturaController))
#7 C:\Users\Administrator\Documents\GitHub\SISPE\2do Trimestre\Sistema\system\CodeIgniter.php(340): CodeIgniter\CodeIgniter->handleRequest(NULL, Object(Config\Cache), false)
#8 C:\Users\Administrator\Documents\GitHub\SISPE\2do Trimestre\Sistema\system\Boot.php(416): CodeIgniter\CodeIgniter->run()
#9 C:\Users\Administrator\Documents\GitHub\SISPE\2do Trimestre\Sistema\system\Boot.php(68): CodeIgniter\Boot::runCodeIgniter(Object(CodeIgniter\CodeIgniter))
#10 C:\Users\Administrator\Documents\GitHub\SISPE\2do Trimestre\Sistema\public\index.php(59): CodeIgniter\Boot::bootWeb(Object(Config\Paths))
#11 C:\Users\Administrator\Documents\GitHub\SISPE\2do Trimestre\Sistema\system\rewrite.php(44): require_once('C:\\Users\\Admini...')
#12 {main}

Next CodeIgniter\Database\Exceptions\DatabaseException: Access denied for user '****'@'localhost' (using password: NO) in C:\Users\Administrator\Documents\GitHub\SISPE\2do Trimestre\Sistema\system\Database\MySQLi\Connection.php:231
Stack trace:
#0 C:\Users\Administrator\Documents\GitHub\SISPE\2do Trimestre\Sistema\system\Database\BaseConnection.php(555): CodeIgniter\Database\MySQLi\Connection->connect(false)
#1 C:\Users\Administrator\Documents\GitHub\SISPE\2do Trimestre\Sistema\system\Database\BaseConnection.php(795): CodeIgniter\Database\BaseConnection->initialize()
#2 C:\Users\Administrator\Documents\GitHub\SISPE\2do Trimestre\Sistema\system\Database\BaseBuilder.php(1649): CodeIgniter\Database\BaseConnection->query('SELECT `f`.`id_...', Array, false)
#3 C:\Users\Administrator\Documents\GitHub\SISPE\2do Trimestre\Sistema\app\Controllers\FacturaController.php(38): CodeIgniter\Database\BaseBuilder->get()
#4 C:\Users\Administrator\Documents\GitHub\SISPE\2do Trimestre\Sistema\system\CodeIgniter.php(951): App\Controllers\FacturaController->ver('6')
#5 C:\Users\Administrator\Documents\GitHub\SISPE\2do Trimestre\Sistema\system\CodeIgniter.php(497): CodeIgniter\CodeIgniter->runController(Object(App\Controllers\FacturaController))
#6 C:\Users\Administrator\Documents\GitHub\SISPE\2do Trimestre\Sistema\system\CodeIgniter.php(340): CodeIgniter\CodeIgniter->handleRequest(NULL, Object(Config\Cache), false)
#7 C:\Users\Administrator\Documents\GitHub\SISPE\2do Trimestre\Sistema\system\Boot.php(416): CodeIgniter\CodeIgniter->run()
#8 C:\Users\Administrator\Documents\GitHub\SISPE\2do Trimestre\Sistema\system\Boot.php(68): CodeIgniter\Boot::runCodeIgniter(Object(CodeIgniter\CodeIgniter))
#9 C:\Users\Administrator\Documents\GitHub\SISPE\2do Trimestre\Sistema\public\index.php(59): CodeIgniter\Boot::bootWeb(Object(Config\Paths))
#10 C:\Users\Administrator\Documents\GitHub\SISPE\2do Trimestre\Sistema\system\rewrite.php(44): require_once('C:\\Users\\Admini...')
#11 {main}
CRITICAL - 2026-09-04 02:43:47 --> CodeIgniter\Database\Exceptions\DatabaseException: Unable to connect to the database.
Main connection [MySQLi]: Access denied for user '****'@'localhost' (using password: NO)
[Method: GET, Route: factura/ver/6]
in SYSTEMPATH\Database\BaseConnection.php on line 606.
 1 SYSTEMPATH\Database\BaseConnection.php(795): CodeIgniter\Database\BaseConnection->initialize()
 2 SYSTEMPATH\Database\BaseBuilder.php(1649): CodeIgniter\Database\BaseConnection->query('SELECT `f`.`id_factura`, `f`.`id_pedido`, `f`.`Fecha_hora`, `f`.`Total`, `p`.`id_mesa`, `sm`.`nombre_cliente`, `sm`.`cedula_cliente`, `fmp`.`pkfk_metodo_pago` AS `metodos_pago`
FROM `Factura` `f`
JOIN `Pedido` `p` ON `f`.`id_pedido` = `p`.`id_pedido`
LEFT JOIN `Sesion_Mesa` `sm` ON `p`.`id_sesion_qr` = `sm`.`id_sesion`
LEFT JOIN `Factura_has_Metodo_pago` `fmp` ON `f`.`id_factura` = `fmp`.`pkfk_n_factura`
WHERE `f`.`id_factura` = :f.id_factura:', [...], false)
 3 APPPATH\Controllers\FacturaController.php(38): CodeIgniter\Database\BaseBuilder->get()
 4 SYSTEMPATH\CodeIgniter.php(951): App\Controllers\FacturaController->ver('6')
 5 SYSTEMPATH\CodeIgniter.php(497): CodeIgniter\CodeIgniter->runController(Object(App\Controllers\FacturaController))
 6 SYSTEMPATH\CodeIgniter.php(340): CodeIgniter\CodeIgniter->handleRequest(null, Object(Config\Cache), false)
 7 SYSTEMPATH\Boot.php(416): CodeIgniter\CodeIgniter->run()
 8 SYSTEMPATH\Boot.php(68): CodeIgniter\Boot::runCodeIgniter(Object(CodeIgniter\CodeIgniter))
 9 FCPATH\index.php(59): CodeIgniter\Boot::bootWeb(Object(Config\Paths))
10 SYSTEMPATH\rewrite.php(44): require_once('C:\\Users\\Administrator\\Documents\\GitHub\\SISPE\\2do Trimestre\\Sistema\\public\\index.php')
DEBUG - 2026-09-04 02:43:49 --> Session: Class initialized using 'CodeIgniter\Session\Handlers\FileHandler' driver.
ERROR - 2026-09-04 02:43:49 --> Error connecting to the database: mysqli_sql_exception: Access denied for user 'root'@'localhost' (using password: NO) in C:\Users\Administrator\Documents\GitHub\SISPE\2do Trimestre\Sistema\system\Database\MySQLi\Connection.php:201
Stack trace:
#0 C:\Users\Administrator\Documents\GitHub\SISPE\2do Trimestre\Sistema\system\Database\MySQLi\Connection.php(201): mysqli->real_connect('localhost', 'root', Object(SensitiveParameterValue), 'sistema', 3307, '', 0)
#1 C:\Users\Administrator\Documents\GitHub\SISPE\2do Trimestre\Sistema\system\Database\BaseConnection.php(555): CodeIgniter\Database\MySQLi\Connection->connect(false)
#2 C:\Users\Administrator\Documents\GitHub\SISPE\2do Trimestre\Sistema\system\Database\BaseConnection.php(795): CodeIgniter\Database\BaseConnection->initialize()
#3 C:\Users\Administrator\Documents\GitHub\SISPE\2do Trimestre\Sistema\system\Database\BaseBuilder.php(1649): CodeIgniter\Database\BaseConnection->query('SELECT `Factura...', Array, false)
#4 C:\Users\Administrator\Documents\GitHub\SISPE\2do Trimestre\Sistema\system\Model.php(253): CodeIgniter\Database\BaseBuilder->get()
#5 C:\Users\Administrator\Documents\GitHub\SISPE\2do Trimestre\Sistema\system\BaseModel.php(676): CodeIgniter\Model->doFindAll(0, 0)
#6 C:\Users\Administrator\Documents\GitHub\SISPE\2do Trimestre\Sistema\app\Models\FacturaModel.php(40): CodeIgniter\BaseModel->findAll()
#7 C:\Users\Administrator\Documents\GitHub\SISPE\2do Trimestre\Sistema\app\Controllers\FacturaController.php(19): App\Models\FacturaModel->obtenerFacturas('')
#8 C:\Users\Administrator\Documents\GitHub\SISPE\2do Trimestre\Sistema\system\CodeIgniter.php(951): App\Controllers\FacturaController->index()
#9 C:\Users\Administrator\Documents\GitHub\SISPE\2do Trimestre\Sistema\system\CodeIgniter.php(497): CodeIgniter\CodeIgniter->runController(Object(App\Controllers\FacturaController))
#10 C:\Users\Administrator\Documents\GitHub\SISPE\2do Trimestre\Sistema\system\CodeIgniter.php(340): CodeIgniter\CodeIgniter->handleRequest(NULL, Object(Config\Cache), false)
#11 C:\Users\Administrator\Documents\GitHub\SISPE\2do Trimestre\Sistema\system\Boot.php(416): CodeIgniter\CodeIgniter->run()
#12 C:\Users\Administrator\Documents\GitHub\SISPE\2do Trimestre\Sistema\system\Boot.php(68): CodeIgniter\Boot::runCodeIgniter(Object(CodeIgniter\CodeIgniter))
#13 C:\Users\Administrator\Documents\GitHub\SISPE\2do Trimestre\Sistema\public\index.php(59): CodeIgniter\Boot::bootWeb(Object(Config\Paths))
#14 C:\Users\Administrator\Documents\GitHub\SISPE\2do Trimestre\Sistema\system\rewrite.php(44): require_once('C:\\Users\\Admini...')
#15 {main}

Next CodeIgniter\Database\Exceptions\DatabaseException: Access denied for user '****'@'localhost' (using password: NO) in C:\Users\Administrator\Documents\GitHub\SISPE\2do Trimestre\Sistema\system\Database\MySQLi\Connection.php:231
Stack trace:
#0 C:\Users\Administrator\Documents\GitHub\SISPE\2do Trimestre\Sistema\system\Database\BaseConnection.php(555): CodeIgniter\Database\MySQLi\Connection->connect(false)
#1 C:\Users\Administrator\Documents\GitHub\SISPE\2do Trimestre\Sistema\system\Database\BaseConnection.php(795): CodeIgniter\Database\BaseConnection->initialize()
#2 C:\Users\Administrator\Documents\GitHub\SISPE\2do Trimestre\Sistema\system\Database\BaseBuilder.php(1649): CodeIgniter\Database\BaseConnection->query('SELECT `Factura...', Array, false)
#3 C:\Users\Administrator\Documents\GitHub\SISPE\2do Trimestre\Sistema\system\Model.php(253): CodeIgniter\Database\BaseBuilder->get()
#4 C:\Users\Administrator\Documents\GitHub\SISPE\2do Trimestre\Sistema\system\BaseModel.php(676): CodeIgniter\Model->doFindAll(0, 0)
#5 C:\Users\Administrator\Documents\GitHub\SISPE\2do Trimestre\Sistema\app\Models\FacturaModel.php(40): CodeIgniter\BaseModel->findAll()
#6 C:\Users\Administrator\Documents\GitHub\SISPE\2do Trimestre\Sistema\app\Controllers\FacturaController.php(19): App\Models\FacturaModel->obtenerFacturas('')
#7 C:\Users\Administrator\Documents\GitHub\SISPE\2do Trimestre\Sistema\system\CodeIgniter.php(951): App\Controllers\FacturaController->index()
#8 C:\Users\Administrator\Documents\GitHub\SISPE\2do Trimestre\Sistema\system\CodeIgniter.php(497): CodeIgniter\CodeIgniter->runController(Object(App\Controllers\FacturaController))
#9 C:\Users\Administrator\Documents\GitHub\SISPE\2do Trimestre\Sistema\system\CodeIgniter.php(340): CodeIgniter\CodeIgniter->handleRequest(NULL, Object(Config\Cache), false)
#10 C:\Users\Administrator\Documents\GitHub\SISPE\2do Trimestre\Sistema\system\Boot.php(416): CodeIgniter\CodeIgniter->run()
#11 C:\Users\Administrator\Documents\GitHub\SISPE\2do Trimestre\Sistema\system\Boot.php(68): CodeIgniter\Boot::runCodeIgniter(Object(CodeIgniter\CodeIgniter))
#12 C:\Users\Administrator\Documents\GitHub\SISPE\2do Trimestre\Sistema\public\index.php(59): CodeIgniter\Boot::bootWeb(Object(Config\Paths))
#13 C:\Users\Administrator\Documents\GitHub\SISPE\2do Trimestre\Sistema\system\rewrite.php(44): require_once('C:\\Users\\Admini...')
#14 {main}
CRITICAL - 2026-09-04 02:43:49 --> CodeIgniter\Database\Exceptions\DatabaseException: Unable to connect to the database.
Main connection [MySQLi]: Access denied for user '****'@'localhost' (using password: NO)
[Method: GET, Route: facturas]
in SYSTEMPATH\Database\BaseConnection.php on line 606.
 1 SYSTEMPATH\Database\BaseConnection.php(795): CodeIgniter\Database\BaseConnection->initialize()
 2 SYSTEMPATH\Database\BaseBuilder.php(1649): CodeIgniter\Database\BaseConnection->query('SELECT `Factura`.`id_factura`, `Factura`.`id_pedido`, `Factura`.`Fecha_hora`, `Factura`.`Total`, `Pedido`.`id_mesa`, `Sesion_Mesa`.`nombre_cliente`, `fmp`.`pkfk_metodo_pago` AS `metodos_pago`
FROM `Factura`
JOIN `Pedido` ON `Factura`.`id_pedido` = `Pedido`.`id_pedido`
LEFT JOIN `Sesion_Mesa` ON `Pedido`.`id_sesion_qr` = `Sesion_Mesa`.`id_sesion`
LEFT JOIN `Factura_has_Metodo_pago` `fmp` ON `Factura`.`id_factura` = `fmp`.`pkfk_n_factura`
ORDER BY `Factura`.`Fecha_hora` DESC', [], false)
 3 SYSTEMPATH\Model.php(253): CodeIgniter\Database\BaseBuilder->get()
 4 SYSTEMPATH\BaseModel.php(676): CodeIgniter\Model->doFindAll(0, 0)
 5 APPPATH\Models\FacturaModel.php(40): CodeIgniter\BaseModel->findAll()
 6 APPPATH\Controllers\FacturaController.php(19): App\Models\FacturaModel->obtenerFacturas('')
 7 SYSTEMPATH\CodeIgniter.php(951): App\Controllers\FacturaController->index()
 8 SYSTEMPATH\CodeIgniter.php(497): CodeIgniter\CodeIgniter->runController(Object(App\Controllers\FacturaController))
 9 SYSTEMPATH\CodeIgniter.php(340): CodeIgniter\CodeIgniter->handleRequest(null, Object(Config\Cache), false)
10 SYSTEMPATH\Boot.php(416): CodeIgniter\CodeIgniter->run()
11 SYSTEMPATH\Boot.php(68): CodeIgniter\Boot::runCodeIgniter(Object(CodeIgniter\CodeIgniter))
12 FCPATH\index.php(59): CodeIgniter\Boot::bootWeb(Object(Config\Paths))
13 SYSTEMPATH\rewrite.php(44): require_once('C:\\Users\\Administrator\\Documents\\GitHub\\SISPE\\2do Trimestre\\Sistema\\public\\index.php')
DEBUG - 2026-09-04 02:43:50 --> Session: Class initialized using 'CodeIgniter\Session\Handlers\FileHandler' driver.
DEBUG - 2026-09-04 02:43:51 --> Session: Class initialized using 'CodeIgniter\Session\Handlers\FileHandler' driver.
DEBUG - 2026-09-04 02:43:54 --> Session: Class initialized using 'CodeIgniter\Session\Handlers\FileHandler' driver.
DEBUG - 2026-09-04 02:44:02 --> Session: Class initialized using 'CodeIgniter\Session\Handlers\FileHandler' driver.
ERROR - 2026-09-04 02:44:02 --> Error connecting to the database: mysqli_sql_exception: Access denied for user 'root'@'localhost' (using password: NO) in C:\Users\Administrator\Documents\GitHub\SISPE\2do Trimestre\Sistema\system\Database\MySQLi\Connection.php:201
Stack trace:
#0 C:\Users\Administrator\Documents\GitHub\SISPE\2do Trimestre\Sistema\system\Database\MySQLi\Connection.php(201): mysqli->real_connect('localhost', 'root', Object(SensitiveParameterValue), 'sistema', 3307, '', 0)
#1 C:\Users\Administrator\Documents\GitHub\SISPE\2do Trimestre\Sistema\system\Database\BaseConnection.php(555): CodeIgniter\Database\MySQLi\Connection->connect(false)
#2 C:\Users\Administrator\Documents\GitHub\SISPE\2do Trimestre\Sistema\system\Database\BaseConnection.php(795): CodeIgniter\Database\BaseConnection->initialize()
#3 C:\Users\Administrator\Documents\GitHub\SISPE\2do Trimestre\Sistema\app\Controllers\LoginController.php(35): CodeIgniter\Database\BaseConnection->query('SELECT p.*, r.N...', Array)
#4 C:\Users\Administrator\Documents\GitHub\SISPE\2do Trimestre\Sistema\system\CodeIgniter.php(951): App\Controllers\LoginController->login()
#5 C:\Users\Administrator\Documents\GitHub\SISPE\2do Trimestre\Sistema\system\CodeIgniter.php(497): CodeIgniter\CodeIgniter->runController(Object(App\Controllers\LoginController))
#6 C:\Users\Administrator\Documents\GitHub\SISPE\2do Trimestre\Sistema\system\CodeIgniter.php(340): CodeIgniter\CodeIgniter->handleRequest(NULL, Object(Config\Cache), false)
#7 C:\Users\Administrator\Documents\GitHub\SISPE\2do Trimestre\Sistema\system\Boot.php(416): CodeIgniter\CodeIgniter->run()
#8 C:\Users\Administrator\Documents\GitHub\SISPE\2do Trimestre\Sistema\system\Boot.php(68): CodeIgniter\Boot::runCodeIgniter(Object(CodeIgniter\CodeIgniter))
#9 C:\Users\Administrator\Documents\GitHub\SISPE\2do Trimestre\Sistema\public\index.php(59): CodeIgniter\Boot::bootWeb(Object(Config\Paths))
#10 C:\Users\Administrator\Documents\GitHub\SISPE\2do Trimestre\Sistema\system\rewrite.php(44): require_once('C:\\Users\\Admini...')
#11 {main}

Next CodeIgniter\Database\Exceptions\DatabaseException: Access denied for user '****'@'localhost' (using password: NO) in C:\Users\Administrator\Documents\GitHub\SISPE\2do Trimestre\Sistema\system\Database\MySQLi\Connection.php:231
Stack trace:
#0 C:\Users\Administrator\Documents\GitHub\SISPE\2do Trimestre\Sistema\system\Database\BaseConnection.php(555): CodeIgniter\Database\MySQLi\Connection->connect(false)
#1 C:\Users\Administrator\Documents\GitHub\SISPE\2do Trimestre\Sistema\system\Database\BaseConnection.php(795): CodeIgniter\Database\BaseConnection->initialize()
#2 C:\Users\Administrator\Documents\GitHub\SISPE\2do Trimestre\Sistema\app\Controllers\LoginController.php(35): CodeIgniter\Database\BaseConnection->query('SELECT p.*, r.N...', Array)
#3 C:\Users\Administrator\Documents\GitHub\SISPE\2do Trimestre\Sistema\system\CodeIgniter.php(951): App\Controllers\LoginController->login()
#4 C:\Users\Administrator\Documents\GitHub\SISPE\2do Trimestre\Sistema\system\CodeIgniter.php(497): CodeIgniter\CodeIgniter->runController(Object(App\Controllers\LoginController))
#5 C:\Users\Administrator\Documents\GitHub\SISPE\2do Trimestre\Sistema\system\CodeIgniter.php(340): CodeIgniter\CodeIgniter->handleRequest(NULL, Object(Config\Cache), false)
#6 C:\Users\Administrator\Documents\GitHub\SISPE\2do Trimestre\Sistema\system\Boot.php(416): CodeIgniter\CodeIgniter->run()
#7 C:\Users\Administrator\Documents\GitHub\SISPE\2do Trimestre\Sistema\system\Boot.php(68): CodeIgniter\Boot::runCodeIgniter(Object(CodeIgniter\CodeIgniter))
#8 C:\Users\Administrator\Documents\GitHub\SISPE\2do Trimestre\Sistema\public\index.php(59): CodeIgniter\Boot::bootWeb(Object(Config\Paths))
#9 C:\Users\Administrator\Documents\GitHub\SISPE\2do Trimestre\Sistema\system\rewrite.php(44): require_once('C:\\Users\\Admini...')
#10 {main}
CRITICAL - 2026-09-04 02:44:02 --> CodeIgniter\Database\Exceptions\DatabaseException: Unable to connect to the database.
Main connection [MySQLi]: Access denied for user '****'@'localhost' (using password: NO)
[Method: POST, Route: login]
in SYSTEMPATH\Database\BaseConnection.php on line 606.
 1 SYSTEMPATH\Database\BaseConnection.php(795): CodeIgniter\Database\BaseConnection->initialize()
 2 APPPATH\Controllers\LoginController.php(35): CodeIgniter\Database\BaseConnection->query('SELECT p.*, r.Nom_rol 
                FROM Persona p
                INNER JOIN Persona_has_Rol phr ON p.id_usuario = phr.pkfk_id_usuario AND p.pkfk_Tipo_doc = phr.pkfk_Tipo_doc
                INNER JOIN Rol r ON phr.pkfk_idRol = r.idRol
                WHERE p.Correo_usu = ? AND p.estado = 1', [...])
 3 SYSTEMPATH\CodeIgniter.php(951): App\Controllers\LoginController->login()
 4 SYSTEMPATH\CodeIgniter.php(497): CodeIgniter\CodeIgniter->runController(Object(App\Controllers\LoginController))
 5 SYSTEMPATH\CodeIgniter.php(340): CodeIgniter\CodeIgniter->handleRequest(null, Object(Config\Cache), false)
 6 SYSTEMPATH\Boot.php(416): CodeIgniter\CodeIgniter->run()
 7 SYSTEMPATH\Boot.php(68): CodeIgniter\Boot::runCodeIgniter(Object(CodeIgniter\CodeIgniter))
 8 FCPATH\index.php(59): CodeIgniter\Boot::bootWeb(Object(Config\Paths))
 9 SYSTEMPATH\rewrite.php(44): require_once('C:\\Users\\Administrator\\Documents\\GitHub\\SISPE\\2do Trimestre\\Sistema\\public\\index.php')
DEBUG - 2026-09-04 02:46:54 --> Session: Class initialized using 'CodeIgniter\Session\Handlers\FileHandler' driver.
ERROR - 2026-09-04 02:46:54 --> Error connecting to the database: mysqli_sql_exception: Access denied for user 'root'@'localhost' (using password: NO) in C:\Users\Administrator\Documents\GitHub\SISPE\2do Trimestre\Sistema\system\Database\MySQLi\Connection.php:201
Stack trace:
#0 C:\Users\Administrator\Documents\GitHub\SISPE\2do Trimestre\Sistema\system\Database\MySQLi\Connection.php(201): mysqli->real_connect('localhost', 'root', Object(SensitiveParameterValue), 'sistema', 3307, '', 0)
#1 C:\Users\Administrator\Documents\GitHub\SISPE\2do Trimestre\Sistema\system\Database\BaseConnection.php(555): CodeIgniter\Database\MySQLi\Connection->connect(false)
#2 C:\Users\Administrator\Documents\GitHub\SISPE\2do Trimestre\Sistema\system\Database\BaseConnection.php(795): CodeIgniter\Database\BaseConnection->initialize()
#3 C:\Users\Administrator\Documents\GitHub\SISPE\2do Trimestre\Sistema\app\Controllers\LoginController.php(35): CodeIgniter\Database\BaseConnection->query('SELECT p.*, r.N...', Array)
#4 C:\Users\Administrator\Documents\GitHub\SISPE\2do Trimestre\Sistema\system\CodeIgniter.php(951): App\Controllers\LoginController->login()
#5 C:\Users\Administrator\Documents\GitHub\SISPE\2do Trimestre\Sistema\system\CodeIgniter.php(497): CodeIgniter\CodeIgniter->runController(Object(App\Controllers\LoginController))
#6 C:\Users\Administrator\Documents\GitHub\SISPE\2do Trimestre\Sistema\system\CodeIgniter.php(340): CodeIgniter\CodeIgniter->handleRequest(NULL, Object(Config\Cache), false)
#7 C:\Users\Administrator\Documents\GitHub\SISPE\2do Trimestre\Sistema\system\Boot.php(416): CodeIgniter\CodeIgniter->run()
#8 C:\Users\Administrator\Documents\GitHub\SISPE\2do Trimestre\Sistema\system\Boot.php(68): CodeIgniter\Boot::runCodeIgniter(Object(CodeIgniter\CodeIgniter))
#9 C:\Users\Administrator\Documents\GitHub\SISPE\2do Trimestre\Sistema\public\index.php(59): CodeIgniter\Boot::bootWeb(Object(Config\Paths))
#10 C:\Users\Administrator\Documents\GitHub\SISPE\2do Trimestre\Sistema\system\rewrite.php(44): require_once('C:\\Users\\Admini...')
#11 {main}

Next CodeIgniter\Database\Exceptions\DatabaseException: Access denied for user '****'@'localhost' (using password: NO) in C:\Users\Administrator\Documents\GitHub\SISPE\2do Trimestre\Sistema\system\Database\MySQLi\Connection.php:231
Stack trace:
#0 C:\Users\Administrator\Documents\GitHub\SISPE\2do Trimestre\Sistema\system\Database\BaseConnection.php(555): CodeIgniter\Database\MySQLi\Connection->connect(false)
#1 C:\Users\Administrator\Documents\GitHub\SISPE\2do Trimestre\Sistema\system\Database\BaseConnection.php(795): CodeIgniter\Database\BaseConnection->initialize()
#2 C:\Users\Administrator\Documents\GitHub\SISPE\2do Trimestre\Sistema\app\Controllers\LoginController.php(35): CodeIgniter\Database\BaseConnection->query('SELECT p.*, r.N...', Array)
#3 C:\Users\Administrator\Documents\GitHub\SISPE\2do Trimestre\Sistema\system\CodeIgniter.php(951): App\Controllers\LoginController->login()
#4 C:\Users\Administrator\Documents\GitHub\SISPE\2do Trimestre\Sistema\system\CodeIgniter.php(497): CodeIgniter\CodeIgniter->runController(Object(App\Controllers\LoginController))
#5 C:\Users\Administrator\Documents\GitHub\SISPE\2do Trimestre\Sistema\system\CodeIgniter.php(340): CodeIgniter\CodeIgniter->handleRequest(NULL, Object(Config\Cache), false)
#6 C:\Users\Administrator\Documents\GitHub\SISPE\2do Trimestre\Sistema\system\Boot.php(416): CodeIgniter\CodeIgniter->run()
#7 C:\Users\Administrator\Documents\GitHub\SISPE\2do Trimestre\Sistema\system\Boot.php(68): CodeIgniter\Boot::runCodeIgniter(Object(CodeIgniter\CodeIgniter))
#8 C:\Users\Administrator\Documents\GitHub\SISPE\2do Trimestre\Sistema\public\index.php(59): CodeIgniter\Boot::bootWeb(Object(Config\Paths))
#9 C:\Users\Administrator\Documents\GitHub\SISPE\2do Trimestre\Sistema\system\rewrite.php(44): require_once('C:\\Users\\Admini...')
#10 {main}
CRITICAL - 2026-09-04 02:46:54 --> CodeIgniter\Database\Exceptions\DatabaseException: Unable to connect to the database.
Main connection [MySQLi]: Access denied for user '****'@'localhost' (using password: NO)
[Method: POST, Route: login]
in SYSTEMPATH\Database\BaseConnection.php on line 606.
 1 SYSTEMPATH\Database\BaseConnection.php(795): CodeIgniter\Database\BaseConnection->initialize()
 2 APPPATH\Controllers\LoginController.php(35): CodeIgniter\Database\BaseConnection->query('SELECT p.*, r.Nom_rol 
                FROM Persona p
                INNER JOIN Persona_has_Rol phr ON p.id_usuario = phr.pkfk_id_usuario AND p.pkfk_Tipo_doc = phr.pkfk_Tipo_doc
                INNER JOIN Rol r ON phr.pkfk_idRol = r.idRol
                WHERE p.Correo_usu = ? AND p.estado = 1', [...])
 3 SYSTEMPATH\CodeIgniter.php(951): App\Controllers\LoginController->login()
 4 SYSTEMPATH\CodeIgniter.php(497): CodeIgniter\CodeIgniter->runController(Object(App\Controllers\LoginController))
 5 SYSTEMPATH\CodeIgniter.php(340): CodeIgniter\CodeIgniter->handleRequest(null, Object(Config\Cache), false)
 6 SYSTEMPATH\Boot.php(416): CodeIgniter\CodeIgniter->run()
 7 SYSTEMPATH\Boot.php(68): CodeIgniter\Boot::runCodeIgniter(Object(CodeIgniter\CodeIgniter))
 8 FCPATH\index.php(59): CodeIgniter\Boot::bootWeb(Object(Config\Paths))
 9 SYSTEMPATH\rewrite.php(44): require_once('C:\\Users\\Administrator\\Documents\\GitHub\\SISPE\\2do Trimestre\\Sistema\\public\\index.php')
DEBUG - 2026-09-04 02:46:57 --> Session: Class initialized using 'CodeIgniter\Session\Handlers\FileHandler' driver.
DEBUG - 2026-09-04 02:47:04 --> Session: Class initialized using 'CodeIgniter\Session\Handlers\FileHandler' driver.
ERROR - 2026-09-04 02:47:04 --> Error connecting to the database: mysqli_sql_exception: Access denied for user 'root'@'localhost' (using password: NO) in C:\Users\Administrator\Documents\GitHub\SISPE\2do Trimestre\Sistema\system\Database\MySQLi\Connection.php:201
Stack trace:
#0 C:\Users\Administrator\Documents\GitHub\SISPE\2do Trimestre\Sistema\system\Database\MySQLi\Connection.php(201): mysqli->real_connect('localhost', 'root', Object(SensitiveParameterValue), 'sistema', 3307, '', 0)
#1 C:\Users\Administrator\Documents\GitHub\SISPE\2do Trimestre\Sistema\system\Database\BaseConnection.php(555): CodeIgniter\Database\MySQLi\Connection->connect(false)
#2 C:\Users\Administrator\Documents\GitHub\SISPE\2do Trimestre\Sistema\system\Database\BaseConnection.php(795): CodeIgniter\Database\BaseConnection->initialize()
#3 C:\Users\Administrator\Documents\GitHub\SISPE\2do Trimestre\Sistema\app\Controllers\LoginController.php(35): CodeIgniter\Database\BaseConnection->query('SELECT p.*, r.N...', Array)
#4 C:\Users\Administrator\Documents\GitHub\SISPE\2do Trimestre\Sistema\system\CodeIgniter.php(951): App\Controllers\LoginController->login()
#5 C:\Users\Administrator\Documents\GitHub\SISPE\2do Trimestre\Sistema\system\CodeIgniter.php(497): CodeIgniter\CodeIgniter->runController(Object(App\Controllers\LoginController))
#6 C:\Users\Administrator\Documents\GitHub\SISPE\2do Trimestre\Sistema\system\CodeIgniter.php(340): CodeIgniter\CodeIgniter->handleRequest(NULL, Object(Config\Cache), false)
#7 C:\Users\Administrator\Documents\GitHub\SISPE\2do Trimestre\Sistema\system\Boot.php(416): CodeIgniter\CodeIgniter->run()
#8 C:\Users\Administrator\Documents\GitHub\SISPE\2do Trimestre\Sistema\system\Boot.php(68): CodeIgniter\Boot::runCodeIgniter(Object(CodeIgniter\CodeIgniter))
#9 C:\Users\Administrator\Documents\GitHub\SISPE\2do Trimestre\Sistema\public\index.php(59): CodeIgniter\Boot::bootWeb(Object(Config\Paths))
#10 C:\Users\Administrator\Documents\GitHub\SISPE\2do Trimestre\Sistema\system\rewrite.php(44): require_once('C:\\Users\\Admini...')
#11 {main}

Next CodeIgniter\Database\Exceptions\DatabaseException: Access denied for user '****'@'localhost' (using password: NO) in C:\Users\Administrator\Documents\GitHub\SISPE\2do Trimestre\Sistema\system\Database\MySQLi\Connection.php:231
Stack trace:
#0 C:\Users\Administrator\Documents\GitHub\SISPE\2do Trimestre\Sistema\system\Database\BaseConnection.php(555): CodeIgniter\Database\MySQLi\Connection->connect(false)
#1 C:\Users\Administrator\Documents\GitHub\SISPE\2do Trimestre\Sistema\system\Database\BaseConnection.php(795): CodeIgniter\Database\BaseConnection->initialize()
#2 C:\Users\Administrator\Documents\GitHub\SISPE\2do Trimestre\Sistema\app\Controllers\LoginController.php(35): CodeIgniter\Database\BaseConnection->query('SELECT p.*, r.N...', Array)
#3 C:\Users\Administrator\Documents\GitHub\SISPE\2do Trimestre\Sistema\system\CodeIgniter.php(951): App\Controllers\LoginController->login()
#4 C:\Users\Administrator\Documents\GitHub\SISPE\2do Trimestre\Sistema\system\CodeIgniter.php(497): CodeIgniter\CodeIgniter->runController(Object(App\Controllers\LoginController))
#5 C:\Users\Administrator\Documents\GitHub\SISPE\2do Trimestre\Sistema\system\CodeIgniter.php(340): CodeIgniter\CodeIgniter->handleRequest(NULL, Object(Config\Cache), false)
#6 C:\Users\Administrator\Documents\GitHub\SISPE\2do Trimestre\Sistema\system\Boot.php(416): CodeIgniter\CodeIgniter->run()
#7 C:\Users\Administrator\Documents\GitHub\SISPE\2do Trimestre\Sistema\system\Boot.php(68): CodeIgniter\Boot::runCodeIgniter(Object(CodeIgniter\CodeIgniter))
#8 C:\Users\Administrator\Documents\GitHub\SISPE\2do Trimestre\Sistema\public\index.php(59): CodeIgniter\Boot::bootWeb(Object(Config\Paths))
#9 C:\Users\Administrator\Documents\GitHub\SISPE\2do Trimestre\Sistema\system\rewrite.php(44): require_once('C:\\Users\\Admini...')
#10 {main}
CRITICAL - 2026-09-04 02:47:04 --> CodeIgniter\Database\Exceptions\DatabaseException: Unable to connect to the database.
Main connection [MySQLi]: Access denied for user '****'@'localhost' (using password: NO)
[Method: POST, Route: login]
in SYSTEMPATH\Database\BaseConnection.php on line 606.
 1 SYSTEMPATH\Database\BaseConnection.php(795): CodeIgniter\Database\BaseConnection->initialize()
 2 APPPATH\Controllers\LoginController.php(35): CodeIgniter\Database\BaseConnection->query('SELECT p.*, r.Nom_rol 
                FROM Persona p
                INNER JOIN Persona_has_Rol phr ON p.id_usuario = phr.pkfk_id_usuario AND p.pkfk_Tipo_doc = phr.pkfk_Tipo_doc
                INNER JOIN Rol r ON phr.pkfk_idRol = r.idRol
                WHERE p.Correo_usu = ? AND p.estado = 1', [...])
 3 SYSTEMPATH\CodeIgniter.php(951): App\Controllers\LoginController->login()
 4 SYSTEMPATH\CodeIgniter.php(497): CodeIgniter\CodeIgniter->runController(Object(App\Controllers\LoginController))
 5 SYSTEMPATH\CodeIgniter.php(340): CodeIgniter\CodeIgniter->handleRequest(null, Object(Config\Cache), false)
 6 SYSTEMPATH\Boot.php(416): CodeIgniter\CodeIgniter->run()
 7 SYSTEMPATH\Boot.php(68): CodeIgniter\Boot::runCodeIgniter(Object(CodeIgniter\CodeIgniter))
 8 FCPATH\index.php(59): CodeIgniter\Boot::bootWeb(Object(Config\Paths))
 9 SYSTEMPATH\rewrite.php(44): require_once('C:\\Users\\Administrator\\Documents\\GitHub\\SISPE\\2do Trimestre\\Sistema\\public\\index.php')
DEBUG - 2026-09-04 02:48:20 --> Session: Class initialized using 'CodeIgniter\Session\Handlers\FileHandler' driver.
DEBUG - 2026-09-04 02:48:21 --> Session: Class initialized using 'CodeIgniter\Session\Handlers\FileHandler' driver.
DEBUG - 2026-09-04 02:48:28 --> Session: Class initialized using 'CodeIgniter\Session\Handlers\FileHandler' driver.
DEBUG - 2026-09-04 02:49:01 --> Session: Class initialized using 'CodeIgniter\Session\Handlers\FileHandler' driver.
DEBUG - 2026-09-04 02:49:03 --> Session: Class initialized using 'CodeIgniter\Session\Handlers\FileHandler' driver.
DEBUG - 2026-09-04 02:49:07 --> Session: Class initialized using 'CodeIgniter\Session\Handlers\FileHandler' driver.
DEBUG - 2026-09-04 02:49:13 --> Session: Class initialized using 'CodeIgniter\Session\Handlers\FileHandler' driver.
DEBUG - 2026-09-04 02:49:25 --> Session: Class initialized using 'CodeIgniter\Session\Handlers\FileHandler' driver.
DEBUG - 2026-09-04 02:49:26 --> Session: Class initialized using 'CodeIgniter\Session\Handlers\FileHandler' driver.
DEBUG - 2026-09-04 02:50:13 --> Session: Class initialized using 'CodeIgniter\Session\Handlers\FileHandler' driver.
DEBUG - 2026-09-04 02:50:17 --> Session: Class initialized using 'CodeIgniter\Session\Handlers\FileHandler' driver.
DEBUG - 2026-09-04 02:50:22 --> Session: Class initialized using 'CodeIgniter\Session\Handlers\FileHandler' driver.
DEBUG - 2026-09-04 02:50:23 --> Session: Class initialized using 'CodeIgniter\Session\Handlers\FileHandler' driver.
DEBUG - 2026-09-04 03:37:42 --> Session: Class initialized using 'CodeIgniter\Session\Handlers\FileHandler' driver.
